mode: set
plotter-pen/internal/system/browser.go:18.43,24.2 1 1
plotter-pen/internal/system/browser.go:27.36,29.2 1 0
plotter-pen/internal/system/browser.go:32.65,33.18 1 1
plotter-pen/internal/system/browser.go:33.18,35.3 1 1
plotter-pen/internal/system/browser.go:37.2,37.19 1 0
plotter-pen/internal/system/browser.go:37.19,39.3 1 0
plotter-pen/internal/system/browser.go:41.2,41.34 1 0
plotter-pen/internal/system/browser.go:45.35,46.12 1 0
plotter-pen/internal/system/browser.go:46.12,48.3 1 0
plotter-pen/internal/system/browser.go:52.41,55.19 2 0
plotter-pen/internal/system/browser.go:55.19,57.3 1 0
plotter-pen/internal/system/browser.go:57.8,58.23 1 0
plotter-pen/internal/system/browser.go:59.18,60.70 1 0
plotter-pen/internal/system/browser.go:61.17,62.35 1 0
plotter-pen/internal/system/browser.go:63.16,64.39 1 0
plotter-pen/internal/system/browser.go:65.39,66.39 1 0
plotter-pen/internal/system/browser.go:67.11,68.63 1 0
plotter-pen/internal/system/browser.go:72.2,72.36 1 0
plotter-pen/internal/system/browser.go:72.36,74.3 1 0
plotter-pen/internal/system/browser.go:76.2,76.12 1 0
plotter-pen/internal/system/browser.go:80.33,81.22 1 1
plotter-pen/internal/system/browser.go:82.17,83.41 1 1
plotter-pen/internal/system/browser.go:84.16,85.37 1 0
plotter-pen/internal/system/browser.go:86.15,87.41 1 0
plotter-pen/internal/system/browser.go:88.10,89.19 1 0
plotter-pen/internal/system/browser.go:94.32,95.22 1 1
plotter-pen/internal/system/browser.go:96.27,97.14 1 1
plotter-pen/internal/system/browser.go:98.10,100.20 2 0
plotter-pen/internal/system/config.go:26.41,40.2 1 1
plotter-pen/internal/system/config.go:43.38,56.58 11 1
plotter-pen/internal/system/config.go:56.58,58.3 1 0
plotter-pen/internal/system/config.go:60.2,60.62 1 1
plotter-pen/internal/system/config.go:60.62,62.3 1 0
plotter-pen/internal/system/config.go:64.2,64.63 1 1
plotter-pen/internal/system/config.go:64.63,66.3 1 0
plotter-pen/internal/system/config.go:68.2,68.12 1 1
plotter-pen/internal/system/config.go:72.50,73.38 1 1
plotter-pen/internal/system/config.go:73.38,75.3 1 1
plotter-pen/internal/system/config.go:76.2,76.19 1 1
plotter-pen/internal/system/config.go:80.48,81.38 1 1
plotter-pen/internal/system/config.go:81.38,82.46 1 1
plotter-pen/internal/system/config.go:82.46,84.4 1 1
plotter-pen/internal/system/config.go:86.2,86.19 1 1
plotter-pen/internal/system/config.go:90.51,91.38 1 1
plotter-pen/internal/system/config.go:91.38,93.16 2 1
plotter-pen/internal/system/config.go:94.33,95.15 1 1
plotter-pen/internal/system/config.go:96.34,97.16 1 1
plotter-pen/internal/system/config.go:100.2,100.19 1 0
plotter-pen/internal/system/config.go:104.58,105.38 1 1
plotter-pen/internal/system/config.go:105.38,106.56 1 1
plotter-pen/internal/system/config.go:106.56,108.4 1 1
plotter-pen/internal/system/config.go:110.2,110.19 1 1
plotter-pen/internal/system/config.go:115.73,116.38 1 1
plotter-pen/internal/system/config.go:116.38,118.52 1 1
plotter-pen/internal/system/config.go:118.52,120.4 1 1
plotter-pen/internal/system/config.go:122.3,122.47 1 1
plotter-pen/internal/system/config.go:122.47,124.4 1 1
plotter-pen/internal/system/config.go:126.2,126.19 1 0
plotter-pen/internal/system/config.go:130.66,131.38 1 1
plotter-pen/internal/system/config.go:131.38,134.27 3 1
plotter-pen/internal/system/config.go:134.27,135.54 1 1
plotter-pen/internal/system/config.go:135.54,137.5 1 1
plotter-pen/internal/system/config.go:139.3,139.22 1 1
plotter-pen/internal/system/config.go:139.22,141.4 1 1
plotter-pen/internal/system/config.go:143.2,143.19 1 0
plotter-pen/internal/system/config.go:147.36,149.15 2 0
plotter-pen/internal/system/config.go:149.15,150.57 1 0
plotter-pen/internal/system/config.go:152.2,152.12 1 0
plotter-pen/internal/system/config.go:156.26,159.2 2 1
plotter-pen/internal/system/config.go:162.27,164.2 1 1
plotter-pen/internal/system/port.go:17.37,23.2 1 1
plotter-pen/internal/system/port.go:26.53,27.36 1 1
plotter-pen/internal/system/port.go:27.36,29.28 2 1
plotter-pen/internal/system/port.go:29.28,31.4 1 1
plotter-pen/internal/system/port.go:33.2,34.47 1 0
plotter-pen/internal/system/port.go:38.37,41.16 3 1
plotter-pen/internal/system/port.go:41.16,43.3 1 0
plotter-pen/internal/system/port.go:44.2,45.13 2 1
plotter-pen/internal/system/port.go:49.33,51.2 1 1
plotter-pen/internal/system/port.go:54.70,58.54 3 1
plotter-pen/internal/system/port.go:58.54,59.28 1 1
plotter-pen/internal/system/port.go:59.28,61.4 1 1
plotter-pen/internal/system/port.go:62.3,62.9 1 1
plotter-pen/internal/system/port.go:65.2,65.24 1 1
plotter-pen/internal/system/port.go:65.24,67.3 1 0
plotter-pen/internal/system/port.go:69.2,69.19 1 1
plotter-pen/internal/system/port.go:73.57,75.34 2 0
plotter-pen/internal/system/port.go:75.34,76.28 1 0
plotter-pen/internal/system/port.go:76.28,78.4 1 0
plotter-pen/internal/system/port.go:79.3,79.36 1 0
plotter-pen/internal/system/port.go:81.2,81.80 1 0
plotter-pen/internal/system/port.go:85.62,87.34 2 0
plotter-pen/internal/system/port.go:87.34,88.24 1 0
plotter-pen/internal/system/port.go:88.24,90.4 1 0
plotter-pen/internal/system/port.go:91.3,91.36 1 0
plotter-pen/internal/system/port.go:93.2,93.77 1 0
plotter-pen/internal/system/port.go:97.46,99.16 2 1
plotter-pen/internal/system/port.go:99.16,101.3 1 0
plotter-pen/internal/system/port.go:103.2,104.29 2 1
plotter-pen/internal/system/port.go:104.29,105.41 1 1
plotter-pen/internal/system/port.go:105.41,106.41 1 1
plotter-pen/internal/system/port.go:106.41,108.5 1 1
plotter-pen/internal/system/port.go:112.2,112.17 1 1
plotter-pen/internal/system/port.go:116.54,118.14 2 1
plotter-pen/internal/system/port.go:118.14,120.3 1 1
plotter-pen/internal/system/port.go:121.2,121.55 1 1
