mode: set
plotter-pen/internal/handler/cam.go:20.34,22.2 1 1
plotter-pen/internal/handler/cam.go:25.57,27.2 2 1
plotter-pen/internal/handler/cam.go:27.2,31.3 3 1
plotter-pen/internal/handler/cam.go:80.46,82.47 2 1
plotter-pen/internal/handler/cam.go:82.47,85.3 2 1
plotter-pen/internal/handler/cam.go:88.2,89.21 2 1
plotter-pen/internal/handler/cam.go:89.21,92.3 2 1
plotter-pen/internal/handler/cam.go:95.2,100.32 4 1
plotter-pen/internal/handler/cam.go:101.16,115.29 5 1
plotter-pen/internal/handler/cam.go:117.10,131.29 5 1
plotter-pen/internal/handler/cam.go:134.2,144.4 1 1
plotter-pen/internal/handler/cam.go:148.81,151.31 2 1
plotter-pen/internal/handler/cam.go:151.31,152.17 1 1
plotter-pen/internal/handler/cam.go:153.15,158.31 2 1
plotter-pen/internal/handler/cam.go:160.17,163.31 2 1
plotter-pen/internal/handler/cam.go:165.14,168.21 2 1
plotter-pen/internal/handler/cam.go:168.21,170.5 1 1
plotter-pen/internal/handler/cam.go:172.43,173.26 1 1
plotter-pen/internal/handler/cam.go:173.26,175.33 2 1
plotter-pen/internal/handler/cam.go:175.33,177.6 1 1
plotter-pen/internal/handler/cam.go:178.5,178.32 1 1
plotter-pen/internal/handler/cam.go:183.2,183.14 1 1
plotter-pen/internal/handler/cam.go:187.78,189.33 2 1
plotter-pen/internal/handler/cam.go:189.33,195.3 2 1
plotter-pen/internal/handler/cam.go:196.2,196.13 1 1
plotter-pen/internal/handler/cam.go:200.99,201.12 1 1
plotter-pen/internal/handler/cam.go:201.12,203.3 1 1
plotter-pen/internal/handler/cam.go:206.2,206.21 1 1
plotter-pen/internal/handler/cam.go:206.21,208.3 1 1
plotter-pen/internal/handler/cam.go:209.2,209.19 1 1
plotter-pen/internal/handler/cam.go:209.19,211.3 1 0
plotter-pen/internal/handler/cam.go:214.2,215.15 2 1
plotter-pen/internal/handler/cam.go:215.15,217.17 2 1
plotter-pen/internal/handler/cam.go:217.17,219.4 1 1
plotter-pen/internal/handler/cam.go:220.8,222.17 2 1
plotter-pen/internal/handler/cam.go:222.17,224.4 1 1
plotter-pen/internal/handler/cam.go:228.2,232.33 4 1
plotter-pen/internal/handler/cam.go:232.33,235.16 3 1
plotter-pen/internal/handler/cam.go:235.16,237.4 1 1
plotter-pen/internal/handler/cam.go:237.9,239.4 1 1
plotter-pen/internal/handler/cam.go:240.3,243.4 1 1
plotter-pen/internal/handler/cam.go:245.2,245.13 1 1
plotter-pen/internal/handler/cam.go:254.44,256.47 2 1
plotter-pen/internal/handler/cam.go:256.47,259.3 2 1
plotter-pen/internal/handler/cam.go:262.2,268.4 2 1
plotter-pen/internal/handler/cam.go:283.71,296.29 10 1
plotter-pen/internal/handler/cam.go:296.29,298.81 2 1
plotter-pen/internal/handler/cam.go:298.81,299.12 1 1
plotter-pen/internal/handler/cam.go:302.3,303.21 2 1
plotter-pen/internal/handler/cam.go:303.21,304.12 1 0
plotter-pen/internal/handler/cam.go:307.3,308.63 2 1
plotter-pen/internal/handler/cam.go:308.63,309.12 1 1
plotter-pen/internal/handler/cam.go:313.3,314.55 2 1
plotter-pen/internal/handler/cam.go:314.55,316.4 1 1
plotter-pen/internal/handler/cam.go:317.3,317.55 1 1
plotter-pen/internal/handler/cam.go:317.55,319.4 1 1
plotter-pen/internal/handler/cam.go:320.3,320.55 1 1
plotter-pen/internal/handler/cam.go:320.55,322.4 1 1
plotter-pen/internal/handler/cam.go:325.3,326.18 2 1
plotter-pen/internal/handler/cam.go:326.18,328.4 1 1
plotter-pen/internal/handler/cam.go:330.3,341.38 5 1
plotter-pen/internal/handler/cam.go:345.2,345.24 1 1
plotter-pen/internal/handler/cam.go:345.24,349.3 1 1
plotter-pen/internal/handler/cam.go:351.2,355.3 1 1
plotter-pen/internal/handler/cam.go:366.50,368.47 2 1
plotter-pen/internal/handler/cam.go:368.47,371.3 2 1
plotter-pen/internal/handler/cam.go:374.2,379.4 2 1
plotter-pen/internal/handler/cam.go:383.91,385.21 1 1
plotter-pen/internal/handler/cam.go:386.17,388.15 1 1
plotter-pen/internal/handler/cam.go:389.15,391.15 1 1
plotter-pen/internal/handler/cam.go:392.16,394.15 1 1
plotter-pen/internal/handler/cam.go:395.10,396.15 1 1
plotter-pen/internal/handler/dxf.go:15.34,17.2 1 1
plotter-pen/internal/handler/dxf.go:20.57,26.2 5 1
plotter-pen/internal/handler/dxf.go:34.47,36.47 2 1
plotter-pen/internal/handler/dxf.go:36.47,39.3 2 1
plotter-pen/internal/handler/dxf.go:42.2,42.49 1 1
plotter-pen/internal/handler/dxf.go:42.49,45.3 2 1
plotter-pen/internal/handler/dxf.go:47.2,48.16 2 1
plotter-pen/internal/handler/dxf.go:48.16,54.3 2 0
plotter-pen/internal/handler/dxf.go:56.2,61.4 1 1
plotter-pen/internal/handler/dxf.go:77.50,79.47 2 1
plotter-pen/internal/handler/dxf.go:79.47,82.3 2 1
plotter-pen/internal/handler/dxf.go:85.2,85.49 1 1
plotter-pen/internal/handler/dxf.go:85.49,88.3 2 1
plotter-pen/internal/handler/dxf.go:90.2,98.16 3 1
plotter-pen/internal/handler/dxf.go:98.16,104.3 2 0
plotter-pen/internal/handler/dxf.go:106.2,113.4 1 1
plotter-pen/internal/handler/dxf.go:126.48,128.47 2 1
plotter-pen/internal/handler/dxf.go:128.47,131.3 2 1
plotter-pen/internal/handler/dxf.go:133.2,133.30 1 1
plotter-pen/internal/handler/dxf.go:133.30,136.3 2 1
plotter-pen/internal/handler/dxf.go:138.2,139.16 2 1
plotter-pen/internal/handler/dxf.go:139.16,145.3 2 0
plotter-pen/internal/handler/dxf.go:147.2,153.4 1 1
plotter-pen/internal/handler/dxf.go:163.47,165.47 2 1
plotter-pen/internal/handler/dxf.go:165.47,168.3 2 1
plotter-pen/internal/handler/dxf.go:170.2,170.52 1 1
plotter-pen/internal/handler/dxf.go:170.52,173.3 2 1
plotter-pen/internal/handler/dxf.go:175.2,176.16 2 1
plotter-pen/internal/handler/dxf.go:176.16,178.3 1 1
plotter-pen/internal/handler/dxf.go:180.2,181.16 2 1
plotter-pen/internal/handler/dxf.go:181.16,187.3 2 0
plotter-pen/internal/handler/dxf.go:189.2,197.4 1 1
plotter-pen/internal/handler/dxf.go:207.47,209.47 2 1
plotter-pen/internal/handler/dxf.go:209.47,212.3 2 1
plotter-pen/internal/handler/dxf.go:214.2,214.52 1 1
plotter-pen/internal/handler/dxf.go:214.52,217.3 2 1
plotter-pen/internal/handler/dxf.go:219.2,220.16 2 1
plotter-pen/internal/handler/dxf.go:220.16,226.3 2 0
plotter-pen/internal/handler/dxf.go:228.2,238.24 2 1
plotter-pen/internal/handler/dxf.go:238.24,242.3 3 1
plotter-pen/internal/handler/dxf.go:244.2,244.33 1 1
plotter-pen/internal/handler/machine.go:18.53,20.2 1 1
plotter-pen/internal/handler/machine.go:23.61,31.2 7 1
plotter-pen/internal/handler/machine.go:34.55,36.71 2 1
plotter-pen/internal/handler/machine.go:36.71,39.3 2 0
plotter-pen/internal/handler/machine.go:40.2,40.33 1 1
plotter-pen/internal/handler/machine.go:44.59,46.80 2 1
plotter-pen/internal/handler/machine.go:46.80,49.3 2 0
plotter-pen/internal/handler/machine.go:50.2,50.32 1 1
plotter-pen/internal/handler/machine.go:54.59,58.47 2 1
plotter-pen/internal/handler/machine.go:58.47,61.3 2 1
plotter-pen/internal/handler/machine.go:64.2,65.59 2 1
plotter-pen/internal/handler/machine.go:65.59,68.3 2 1
plotter-pen/internal/handler/machine.go:71.2,76.32 3 1
plotter-pen/internal/handler/machine.go:80.53,82.16 2 1
plotter-pen/internal/handler/machine.go:82.16,85.3 2 1
plotter-pen/internal/handler/machine.go:87.2,88.55 2 1
plotter-pen/internal/handler/machine.go:88.55,91.3 2 1
plotter-pen/internal/handler/machine.go:92.2,92.32 1 1
plotter-pen/internal/handler/machine.go:96.56,102.47 2 1
plotter-pen/internal/handler/machine.go:102.47,105.3 2 1
plotter-pen/internal/handler/machine.go:108.2,109.27 2 1
plotter-pen/internal/handler/machine.go:109.27,112.3 2 1
plotter-pen/internal/handler/machine.go:114.2,120.52 2 1
plotter-pen/internal/handler/machine.go:120.52,123.3 2 0
plotter-pen/internal/handler/machine.go:124.2,124.37 1 1
plotter-pen/internal/handler/machine.go:128.56,130.16 2 1
plotter-pen/internal/handler/machine.go:130.16,133.3 2 1
plotter-pen/internal/handler/machine.go:135.2,140.47 2 1
plotter-pen/internal/handler/machine.go:140.47,143.3 2 1
plotter-pen/internal/handler/machine.go:145.2,146.20 2 1
plotter-pen/internal/handler/machine.go:146.20,148.3 1 1
plotter-pen/internal/handler/machine.go:149.2,149.20 1 1
plotter-pen/internal/handler/machine.go:149.20,151.28 2 1
plotter-pen/internal/handler/machine.go:151.28,154.4 2 1
plotter-pen/internal/handler/machine.go:155.3,155.29 1 1
plotter-pen/internal/handler/machine.go:157.2,157.20 1 1
plotter-pen/internal/handler/machine.go:157.20,159.3 1 1
plotter-pen/internal/handler/machine.go:161.2,161.108 1 1
plotter-pen/internal/handler/machine.go:161.108,164.3 2 0
plotter-pen/internal/handler/machine.go:165.2,165.47 1 1
plotter-pen/internal/handler/machine.go:169.56,171.16 2 1
plotter-pen/internal/handler/machine.go:171.16,174.3 2 1
plotter-pen/internal/handler/machine.go:176.2,176.76 1 1
plotter-pen/internal/handler/machine.go:176.76,179.3 2 0
plotter-pen/internal/handler/machine.go:180.2,180.47 1 1
plotter-pen/internal/handler/opcua.go:20.38,28.2 3 0
plotter-pen/internal/handler/opcua.go:31.59,33.2 2 0
plotter-pen/internal/handler/opcua.go:33.2,42.3 8 0
plotter-pen/internal/handler/opcua.go:46.50,48.2 1 0
plotter-pen/internal/handler/opcua.go:51.53,53.47 2 0
plotter-pen/internal/handler/opcua.go:53.47,56.3 2 0
plotter-pen/internal/handler/opcua.go:58.2,60.49 2 0
plotter-pen/internal/handler/opcua.go:60.49,63.3 2 0
plotter-pen/internal/handler/opcua.go:65.2,65.42 1 0
plotter-pen/internal/handler/opcua.go:76.45,78.47 2 0
plotter-pen/internal/handler/opcua.go:78.47,81.3 2 0
plotter-pen/internal/handler/opcua.go:84.2,85.24 2 0
plotter-pen/internal/handler/opcua.go:85.24,87.3 1 0
plotter-pen/internal/handler/opcua.go:90.2,93.29 3 0
plotter-pen/internal/handler/opcua.go:93.29,94.47 1 0
plotter-pen/internal/handler/opcua.go:94.47,100.4 2 0
plotter-pen/internal/handler/opcua.go:104.2,104.69 1 0
plotter-pen/internal/handler/opcua.go:104.69,110.3 2 0
plotter-pen/internal/handler/opcua.go:112.2,117.4 1 0
plotter-pen/internal/handler/opcua.go:121.48,125.46 3 0
plotter-pen/internal/handler/opcua.go:125.46,131.3 2 0
plotter-pen/internal/handler/opcua.go:133.2,136.4 1 0
plotter-pen/internal/handler/opcua.go:140.51,146.49 4 0
plotter-pen/internal/handler/opcua.go:146.49,152.3 2 0
plotter-pen/internal/handler/opcua.go:154.2,154.50 1 0
plotter-pen/internal/handler/opcua.go:158.47,164.2 2 0
plotter-pen/internal/handler/opcua.go:167.52,168.29 1 0
plotter-pen/internal/handler/opcua.go:168.29,173.3 2 0
plotter-pen/internal/handler/opcua.go:175.2,179.16 4 0
plotter-pen/internal/handler/opcua.go:179.16,185.3 2 0
plotter-pen/internal/handler/opcua.go:187.2,187.28 1 0
plotter-pen/internal/handler/opcua.go:191.57,197.2 4 0
plotter-pen/internal/handler/persistence.go:18.61,20.2 1 1
plotter-pen/internal/handler/persistence.go:23.65,44.2 13 1
plotter-pen/internal/handler/persistence.go:48.55,50.49 2 1
plotter-pen/internal/handler/persistence.go:50.49,53.3 2 0
plotter-pen/internal/handler/persistence.go:54.2,54.50 1 1
plotter-pen/internal/handler/persistence.go:57.56,61.47 2 1
plotter-pen/internal/handler/persistence.go:61.47,64.3 2 1
plotter-pen/internal/handler/persistence.go:66.2,66.107 1 1
plotter-pen/internal/handler/persistence.go:66.107,69.3 2 0
plotter-pen/internal/handler/persistence.go:70.2,70.47 1 1
plotter-pen/internal/handler/persistence.go:75.59,77.76 2 1
plotter-pen/internal/handler/persistence.go:77.76,80.3 2 0
plotter-pen/internal/handler/persistence.go:81.2,81.33 1 1
plotter-pen/internal/handler/persistence.go:84.57,86.16 2 1
plotter-pen/internal/handler/persistence.go:86.16,89.3 2 1
plotter-pen/internal/handler/persistence.go:91.2,92.55 2 1
plotter-pen/internal/handler/persistence.go:92.55,95.3 2 1
plotter-pen/internal/handler/persistence.go:96.2,96.32 1 1
plotter-pen/internal/handler/persistence.go:99.60,105.47 2 1
plotter-pen/internal/handler/persistence.go:105.47,108.3 2 1
plotter-pen/internal/handler/persistence.go:110.2,116.52 2 1
plotter-pen/internal/handler/persistence.go:116.52,119.3 2 0
plotter-pen/internal/handler/persistence.go:120.2,120.37 1 1
plotter-pen/internal/handler/persistence.go:123.60,125.16 2 1
plotter-pen/internal/handler/persistence.go:125.16,128.3 2 1
plotter-pen/internal/handler/persistence.go:130.2,135.47 2 1
plotter-pen/internal/handler/persistence.go:135.47,138.3 2 1
plotter-pen/internal/handler/persistence.go:140.2,141.20 2 1
plotter-pen/internal/handler/persistence.go:141.20,143.3 1 1
plotter-pen/internal/handler/persistence.go:144.2,144.20 1 1
plotter-pen/internal/handler/persistence.go:144.20,146.3 1 1
plotter-pen/internal/handler/persistence.go:147.2,147.26 1 1
plotter-pen/internal/handler/persistence.go:147.26,149.3 1 1
plotter-pen/internal/handler/persistence.go:151.2,151.102 1 1
plotter-pen/internal/handler/persistence.go:151.102,154.3 2 0
plotter-pen/internal/handler/persistence.go:155.2,155.47 1 1
plotter-pen/internal/handler/persistence.go:158.60,160.16 2 1
plotter-pen/internal/handler/persistence.go:160.16,163.3 2 1
plotter-pen/internal/handler/persistence.go:165.2,165.70 1 1
plotter-pen/internal/handler/persistence.go:165.70,168.3 2 0
plotter-pen/internal/handler/persistence.go:169.2,169.47 1 1
plotter-pen/internal/handler/persistence.go:174.56,176.48 2 1
plotter-pen/internal/handler/persistence.go:176.48,179.3 2 0
plotter-pen/internal/handler/persistence.go:180.2,180.30 1 1
plotter-pen/internal/handler/persistence.go:183.57,190.47 2 1
plotter-pen/internal/handler/persistence.go:190.47,193.3 2 1
plotter-pen/internal/handler/persistence.go:195.2,201.21 2 1
plotter-pen/internal/handler/persistence.go:201.21,203.3 1 1
plotter-pen/internal/handler/persistence.go:205.2,205.49 1 1
plotter-pen/internal/handler/persistence.go:205.49,208.3 2 0
plotter-pen/internal/handler/persistence.go:209.2,209.34 1 1
plotter-pen/internal/handler/persistence.go:212.57,214.16 2 1
plotter-pen/internal/handler/persistence.go:214.16,217.3 2 1
plotter-pen/internal/handler/persistence.go:219.2,225.47 2 1
plotter-pen/internal/handler/persistence.go:225.47,228.3 2 1
plotter-pen/internal/handler/persistence.go:230.2,231.20 2 1
plotter-pen/internal/handler/persistence.go:231.20,233.3 1 1
plotter-pen/internal/handler/persistence.go:234.2,234.20 1 1
plotter-pen/internal/handler/persistence.go:234.20,236.3 1 1
plotter-pen/internal/handler/persistence.go:237.2,237.22 1 1
plotter-pen/internal/handler/persistence.go:237.22,239.3 1 1
plotter-pen/internal/handler/persistence.go:240.2,240.27 1 1
plotter-pen/internal/handler/persistence.go:240.27,242.3 1 1
plotter-pen/internal/handler/persistence.go:244.2,244.99 1 1
plotter-pen/internal/handler/persistence.go:244.99,247.3 2 0
plotter-pen/internal/handler/persistence.go:248.2,248.47 1 1
plotter-pen/internal/handler/persistence.go:251.57,253.16 2 1
plotter-pen/internal/handler/persistence.go:253.16,256.3 2 1
plotter-pen/internal/handler/persistence.go:258.2,258.67 1 1
plotter-pen/internal/handler/persistence.go:258.67,261.3 2 0
plotter-pen/internal/handler/persistence.go:262.2,262.47 1 1
plotter-pen/internal/handler/persistence.go:267.61,269.52 2 1
plotter-pen/internal/handler/persistence.go:269.52,272.3 2 0
plotter-pen/internal/handler/persistence.go:273.2,273.53 1 1
plotter-pen/internal/handler/persistence.go:276.62,280.47 2 1
plotter-pen/internal/handler/persistence.go:280.47,283.3 2 1
plotter-pen/internal/handler/persistence.go:285.2,285.110 1 1
plotter-pen/internal/handler/persistence.go:285.110,288.3 2 0
plotter-pen/internal/handler/persistence.go:289.2,289.47 1 1
