mode: set
plotter-pen/internal/service/import/dxf.go:86.53,88.16 2 1
plotter-pen/internal/service/import/dxf.go:88.16,90.3 1 0
plotter-pen/internal/service/import/dxf.go:92.2,105.33 5 1
plotter-pen/internal/service/import/dxf.go:105.33,107.27 2 1
plotter-pen/internal/service/import/dxf.go:107.27,112.4 4 1
plotter-pen/internal/service/import/dxf.go:115.2,118.34 3 1
plotter-pen/internal/service/import/dxf.go:118.34,120.3 1 1
plotter-pen/internal/service/import/dxf.go:122.2,122.20 1 1
plotter-pen/internal/service/import/dxf.go:126.82,128.16 2 1
plotter-pen/internal/service/import/dxf.go:128.16,130.3 1 0
plotter-pen/internal/service/import/dxf.go:132.2,138.26 2 1
plotter-pen/internal/service/import/dxf.go:138.26,140.3 1 0
plotter-pen/internal/service/import/dxf.go:142.2,142.23 1 1
plotter-pen/internal/service/import/dxf.go:142.23,145.3 2 1
plotter-pen/internal/service/import/dxf.go:147.2,147.52 1 1
plotter-pen/internal/service/import/dxf.go:147.52,150.3 2 1
plotter-pen/internal/service/import/dxf.go:152.2,152.20 1 1
plotter-pen/internal/service/import/dxf.go:152.20,155.3 2 1
plotter-pen/internal/service/import/dxf.go:157.2,159.21 2 1
plotter-pen/internal/service/import/dxf.go:159.21,161.3 1 1
plotter-pen/internal/service/import/dxf.go:163.2,163.20 1 1
plotter-pen/internal/service/import/dxf.go:167.72,171.31 3 1
plotter-pen/internal/service/import/dxf.go:171.31,172.20 1 1
plotter-pen/internal/service/import/dxf.go:172.20,174.4 1 1
plotter-pen/internal/service/import/dxf.go:177.2,177.28 1 1
plotter-pen/internal/service/import/dxf.go:177.28,179.3 1 1
plotter-pen/internal/service/import/dxf.go:181.2,181.31 1 1
plotter-pen/internal/service/import/dxf.go:181.31,182.20 1 1
plotter-pen/internal/service/import/dxf.go:182.20,184.4 1 1
plotter-pen/internal/service/import/dxf.go:185.3,185.30 1 1
plotter-pen/internal/service/import/dxf.go:188.2,189.43 2 1
plotter-pen/internal/service/import/dxf.go:189.43,191.3 1 0
plotter-pen/internal/service/import/dxf.go:193.2,193.26 1 1
plotter-pen/internal/service/import/dxf.go:197.61,198.16 1 1
plotter-pen/internal/service/import/dxf.go:199.14,200.51 1 1
plotter-pen/internal/service/import/dxf.go:201.16,202.46 1 1
plotter-pen/internal/service/import/dxf.go:203.13,204.69 1 1
plotter-pen/internal/service/import/dxf.go:205.18,206.29 1 1
plotter-pen/internal/service/import/dxf.go:211.60,212.23 1 1
plotter-pen/internal/service/import/dxf.go:212.23,214.3 1 1
plotter-pen/internal/service/import/dxf.go:215.2,215.39 1 1
plotter-pen/internal/service/import/dxf.go:215.39,217.3 1 1
plotter-pen/internal/service/import/dxf.go:218.2,218.35 1 1
plotter-pen/internal/service/import/dxf.go:218.35,221.3 2 1
plotter-pen/internal/service/import/dxf.go:225.59,228.25 2 1
plotter-pen/internal/service/import/dxf.go:229.20,235.5 2 1
plotter-pen/internal/service/import/dxf.go:237.22,242.5 2 1
plotter-pen/internal/service/import/dxf.go:244.19,250.5 2 1
plotter-pen/internal/service/import/dxf.go:252.26,255.34 3 0
plotter-pen/internal/service/import/dxf.go:255.34,257.4 1 0
plotter-pen/internal/service/import/dxf.go:258.3,261.5 1 0
plotter-pen/internal/service/import/dxf.go:263.24,266.34 3 0
plotter-pen/internal/service/import/dxf.go:266.34,268.4 1 0
plotter-pen/internal/service/import/dxf.go:269.3,273.5 2 0
plotter-pen/internal/service/import/dxf.go:276.2,276.14 1 1
plotter-pen/internal/service/import/dxf.go:280.44,281.16 1 1
plotter-pen/internal/service/import/dxf.go:282.14,286.41 4 1
plotter-pen/internal/service/import/dxf.go:287.23,291.43 4 1
plotter-pen/internal/service/import/dxf.go:292.18,293.31 1 1
plotter-pen/internal/service/import/dxf.go:293.31,298.4 4 1
plotter-pen/internal/service/import/dxf.go:303.43,307.2 1 1
plotter-pen/internal/service/import/dxf.go:310.48,312.26 2 1
plotter-pen/internal/service/import/dxf.go:312.26,314.18 2 1
plotter-pen/internal/service/import/dxf.go:314.18,316.4 1 1
plotter-pen/internal/service/import/dxf.go:317.3,317.23 1 1
plotter-pen/internal/service/import/dxf.go:319.2,320.27 2 1
plotter-pen/internal/service/import/dxf.go:320.27,322.3 1 1
plotter-pen/internal/service/import/dxf.go:323.2,324.14 2 1
plotter-pen/internal/service/import/dxf.go:328.37,330.2 1 1
plotter-pen/internal/service/import/stl.go:41.51,45.16 3 1
plotter-pen/internal/service/import/stl.go:45.16,47.3 1 0
plotter-pen/internal/service/import/stl.go:49.2,60.38 3 1
plotter-pen/internal/service/import/stl.go:60.38,74.3 2 1
plotter-pen/internal/service/import/stl.go:75.2,85.20 4 1
plotter-pen/internal/service/import/stl.go:89.56,91.16 2 0
plotter-pen/internal/service/import/stl.go:91.16,93.3 1 0
plotter-pen/internal/service/import/stl.go:95.2,105.38 3 0
plotter-pen/internal/service/import/stl.go:105.38,119.3 2 0
plotter-pen/internal/service/import/stl.go:120.2,129.20 4 0
plotter-pen/internal/service/import/stl.go:133.58,137.39 3 1
plotter-pen/internal/service/import/stl.go:137.39,140.30 2 1
plotter-pen/internal/service/import/stl.go:140.30,150.4 2 0
plotter-pen/internal/service/import/stl.go:153.2,153.19 1 1
plotter-pen/internal/service/import/stl.go:157.59,163.29 3 1
plotter-pen/internal/service/import/stl.go:163.29,170.51 4 1
plotter-pen/internal/service/import/stl.go:170.51,171.31 1 1
plotter-pen/internal/service/import/stl.go:171.31,172.13 1 0
plotter-pen/internal/service/import/stl.go:175.4,179.46 4 1
plotter-pen/internal/service/import/stl.go:183.2,183.15 1 1
plotter-pen/internal/service/import/stl.go:187.44,204.2 10 1
plotter-pen/internal/service/import/stl.go:207.46,208.22 1 1
plotter-pen/internal/service/import/stl.go:208.22,210.3 1 1
plotter-pen/internal/service/import/stl.go:213.2,213.36 1 1
plotter-pen/internal/service/import/stl.go:213.36,215.3 1 1
plotter-pen/internal/service/import/stl.go:218.2,218.27 1 1
plotter-pen/internal/service/import/stl.go:222.61,223.21 1 1
plotter-pen/internal/service/import/stl.go:223.21,225.3 1 0
plotter-pen/internal/service/import/stl.go:227.2,233.35 5 1
plotter-pen/internal/service/import/stl.go:233.35,237.3 3 1
plotter-pen/internal/service/import/stl.go:239.2,239.22 1 1
plotter-pen/internal/service/import/svg.go:22.66,23.16 1 1
plotter-pen/internal/service/import/svg.go:23.16,25.3 1 0
plotter-pen/internal/service/import/svg.go:27.2,28.16 2 1
plotter-pen/internal/service/import/svg.go:28.16,30.3 1 0
plotter-pen/internal/service/import/svg.go:32.2,40.67 2 1
plotter-pen/internal/service/import/svg.go:40.67,42.3 1 1
plotter-pen/internal/service/import/svg.go:44.2,54.12 4 1
plotter-pen/internal/service/import/svg.go:54.12,55.20 1 1
plotter-pen/internal/service/import/svg.go:55.21,57.4 0 1
plotter-pen/internal/service/import/svg.go:61.2,64.33 3 1
plotter-pen/internal/service/import/svg.go:64.33,65.20 1 1
plotter-pen/internal/service/import/svg.go:66.28,68.28 1 1
plotter-pen/internal/service/import/svg.go:68.28,74.5 5 0
plotter-pen/internal/service/import/svg.go:75.4,76.21 2 1
plotter-pen/internal/service/import/svg.go:76.21,79.5 2 1
plotter-pen/internal/service/import/svg.go:81.28,82.21 1 1
plotter-pen/internal/service/import/svg.go:82.21,85.5 2 1
plotter-pen/internal/service/import/svg.go:87.29,88.60 1 0
plotter-pen/internal/service/import/svg.go:88.60,92.29 3 0
plotter-pen/internal/service/import/svg.go:92.29,94.6 1 0
plotter-pen/internal/service/import/svg.go:97.30,98.43 1 1
plotter-pen/internal/service/import/svg.go:98.43,110.5 5 1
plotter-pen/internal/service/import/svg.go:112.29,113.28 1 1
plotter-pen/internal/service/import/svg.go:113.28,121.5 6 1
plotter-pen/internal/service/import/svg.go:122.4,122.21 1 1
plotter-pen/internal/service/import/svg.go:127.2,127.26 1 1
plotter-pen/internal/service/import/svg.go:127.26,133.3 5 0
plotter-pen/internal/service/import/svg.go:135.2,138.34 3 1
plotter-pen/internal/service/import/svg.go:138.34,140.3 1 1
plotter-pen/internal/service/import/svg.go:142.2,142.20 1 1
plotter-pen/internal/service/import/svg.go:146.78,153.2 1 1
plotter-pen/internal/service/import/svg.go:156.81,157.30 1 0
plotter-pen/internal/service/import/svg.go:157.30,159.3 1 0
plotter-pen/internal/service/import/svg.go:161.2,164.34 2 0
plotter-pen/internal/service/import/svg.go:164.34,166.3 1 0
plotter-pen/internal/service/import/svg.go:169.2,170.18 2 0
plotter-pen/internal/service/import/svg.go:170.18,172.3 1 0
plotter-pen/internal/service/import/svg.go:172.8,174.3 1 0
plotter-pen/internal/service/import/svg.go:175.2,175.18 1 0
plotter-pen/internal/service/import/svg.go:175.18,177.3 1 0
plotter-pen/internal/service/import/svg.go:177.8,179.3 1 0
plotter-pen/internal/service/import/svg.go:182.2,182.58 1 0
plotter-pen/internal/service/import/svg.go:186.74,190.19 2 1
plotter-pen/internal/service/import/svg.go:190.19,192.3 1 1
plotter-pen/internal/service/import/svg.go:195.2,205.31 9 1
plotter-pen/internal/service/import/svg.go:209.56,213.2 3 1
plotter-pen/internal/service/import/svg.go:216.47,220.19 4 1
plotter-pen/internal/service/import/svg.go:220.19,222.3 1 0
plotter-pen/internal/service/import/svg.go:224.2,224.79 1 1
plotter-pen/internal/service/import/svg.go:228.33,230.2 1 1
plotter-pen/internal/service/import/svg.go:233.56,234.27 1 1
plotter-pen/internal/service/import/svg.go:234.27,239.3 4 1
plotter-pen/internal/service/import/svg.go:243.53,248.2 4 1
plotter-pen/internal/service/import/svg.go:251.46,254.2 2 1
plotter-pen/internal/service/import/transform.go:6.53,9.23 3 1
plotter-pen/internal/service/import/transform.go:9.23,11.3 1 1
plotter-pen/internal/service/import/transform.go:15.55,16.16 1 1
plotter-pen/internal/service/import/transform.go:17.14,21.15 4 1
plotter-pen/internal/service/import/transform.go:22.23,24.18 2 1
plotter-pen/internal/service/import/transform.go:25.18,26.27 1 1
plotter-pen/internal/service/import/transform.go:26.27,29.4 2 1
plotter-pen/internal/service/import/transform.go:34.57,35.23 1 1
plotter-pen/internal/service/import/transform.go:35.23,37.3 1 1
plotter-pen/internal/service/import/transform.go:41.51,42.16 1 1
plotter-pen/internal/service/import/transform.go:43.14,47.19 4 1
plotter-pen/internal/service/import/transform.go:48.23,51.21 3 1
plotter-pen/internal/service/import/transform.go:52.18,53.27 1 1
plotter-pen/internal/service/import/transform.go:53.27,56.4 2 1
plotter-pen/internal/service/import/transform.go:61.56,65.17 4 1
plotter-pen/internal/service/import/transform.go:65.17,67.3 1 1
plotter-pen/internal/service/import/transform.go:68.2,68.38 1 1
plotter-pen/internal/service/import/transform.go:72.51,73.21 1 1
plotter-pen/internal/service/import/transform.go:73.21,75.3 1 1
plotter-pen/internal/service/import/transform.go:76.2,80.23 2 1
plotter-pen/internal/service/import/transform.go:80.23,82.3 1 1
plotter-pen/internal/service/import/transform.go:83.2,83.10 1 1
plotter-pen/internal/service/import/transform.go:87.55,88.21 1 1
plotter-pen/internal/service/import/transform.go:88.21,90.3 1 1
plotter-pen/internal/service/import/transform.go:92.2,99.31 6 1
plotter-pen/internal/service/import/transform.go:99.31,103.24 3 1
plotter-pen/internal/service/import/transform.go:103.24,104.18 1 1
plotter-pen/internal/service/import/transform.go:104.18,105.13 1 1
plotter-pen/internal/service/import/transform.go:107.4,107.73 1 1
plotter-pen/internal/service/import/transform.go:107.73,110.5 2 1
plotter-pen/internal/service/import/transform.go:113.3,113.19 1 1
plotter-pen/internal/service/import/transform.go:113.19,117.4 3 1
plotter-pen/internal/service/import/transform.go:120.2,120.15 1 1
plotter-pen/internal/service/import/transform.go:124.40,125.16 1 1
plotter-pen/internal/service/import/transform.go:126.14,127.41 1 1
plotter-pen/internal/service/import/transform.go:128.23,130.93 2 1
plotter-pen/internal/service/import/transform.go:131.18,132.24 1 1
plotter-pen/internal/service/import/transform.go:132.24,134.4 1 1
plotter-pen/internal/service/import/transform.go:136.2,136.16 1 1
plotter-pen/internal/service/import/transform.go:140.38,141.16 1 1
plotter-pen/internal/service/import/transform.go:142.14,143.37 1 1
plotter-pen/internal/service/import/transform.go:144.16,145.54 1 1
plotter-pen/internal/service/import/transform.go:146.13,148.93 2 1
plotter-pen/internal/service/import/transform.go:149.18,150.24 1 1
plotter-pen/internal/service/import/transform.go:150.24,152.4 1 1
plotter-pen/internal/service/import/transform.go:154.2,154.16 1 1
plotter-pen/internal/service/import/transform.go:158.35,162.2 3 1
plotter-pen/internal/service/import/transform.go:165.50,167.26 2 1
plotter-pen/internal/service/import/transform.go:167.26,168.17 1 1
plotter-pen/internal/service/import/transform.go:169.15,170.116 1 1
plotter-pen/internal/service/import/transform.go:171.14,172.138 1 1
plotter-pen/internal/service/import/transform.go:173.17,174.112 1 1
plotter-pen/internal/service/import/transform.go:175.19,177.32 2 1
plotter-pen/internal/service/import/transform.go:177.32,179.5 1 1
plotter-pen/internal/service/import/transform.go:180.4,180.77 1 1
plotter-pen/internal/service/import/transform.go:183.2,183.14 1 1
