mode: set
plotter-pen/cmd/server/main.go:14.13,23.16 4 0
plotter-pen/cmd/server/main.go:23.16,25.3 1 0
plotter-pen/cmd/server/main.go:28.2,47.16 10 0
plotter-pen/cmd/server/main.go:47.16,49.3 1 0
plotter-pen/cmd/server/main.go:52.2,56.21 3 0
plotter-pen/cmd/server/main.go:56.21,62.3 2 0
plotter-pen/cmd/server/main.go:65.2,66.36 2 0
plotter-pen/cmd/server/main.go:66.36,68.3 1 0
plotter-pen/cmd/server/main.go:72.58,92.2 10 0
plotter-pen/pkg/plc/generator.go:16.32,20.2 1 1
plotter-pen/pkg/plc/generator.go:23.27,25.2 1 1
plotter-pen/pkg/plc/generator.go:28.29,30.2 1 1
plotter-pen/pkg/plc/generator.go:33.47,36.2 2 1
plotter-pen/pkg/plc/generator.go:39.47,42.2 2 1
plotter-pen/pkg/plc/generator.go:45.104,58.10 7 1
plotter-pen/pkg/plc/generator.go:58.10,60.16 1 1
plotter-pen/pkg/plc/generator.go:60.16,62.4 1 1
plotter-pen/pkg/plc/generator.go:63.8,65.16 1 1
plotter-pen/pkg/plc/generator.go:65.16,67.4 1 1
plotter-pen/pkg/plc/generator.go:70.2,77.38 5 1
plotter-pen/pkg/plc/generator.go:81.37,83.2 1 1
plotter-pen/pkg/curve/biarc.go:15.81,16.21 1 1
plotter-pen/pkg/curve/biarc.go:16.21,18.3 1 1
plotter-pen/pkg/curve/biarc.go:20.2,27.24 6 1
plotter-pen/pkg/curve/biarc.go:27.24,32.24 3 1
plotter-pen/pkg/curve/biarc.go:32.24,35.27 2 1
plotter-pen/pkg/curve/biarc.go:35.27,37.5 1 1
plotter-pen/pkg/curve/biarc.go:39.4,39.35 1 1
plotter-pen/pkg/curve/biarc.go:39.35,43.80 3 1
plotter-pen/pkg/curve/biarc.go:43.80,44.14 1 1
plotter-pen/pkg/curve/biarc.go:48.5,49.29 2 1
plotter-pen/pkg/curve/biarc.go:49.29,51.26 2 1
plotter-pen/pkg/curve/biarc.go:51.26,53.12 2 1
plotter-pen/pkg/curve/biarc.go:57.5,57.13 1 1
plotter-pen/pkg/curve/biarc.go:57.13,60.6 2 1
plotter-pen/pkg/curve/biarc.go:65.3,65.44 1 1
plotter-pen/pkg/curve/biarc.go:65.44,74.4 5 1
plotter-pen/pkg/curve/biarc.go:74.9,78.27 3 1
plotter-pen/pkg/curve/biarc.go:78.27,80.5 1 1
plotter-pen/pkg/curve/biarc.go:83.4,83.35 1 1
plotter-pen/pkg/curve/biarc.go:83.35,88.32 4 1
plotter-pen/pkg/curve/biarc.go:88.32,90.26 2 1
plotter-pen/pkg/curve/biarc.go:90.26,92.12 2 1
plotter-pen/pkg/curve/biarc.go:96.5,96.13 1 1
plotter-pen/pkg/curve/biarc.go:96.13,98.6 1 1
plotter-pen/pkg/curve/biarc.go:98.11,99.11 1 1
plotter-pen/pkg/curve/biarc.go:103.4,109.15 5 1
plotter-pen/pkg/curve/biarc.go:113.2,113.25 1 1
plotter-pen/pkg/curve/biarc.go:117.60,123.24 5 1
plotter-pen/pkg/curve/biarc.go:123.24,125.3 1 1
plotter-pen/pkg/curve/biarc.go:127.2,133.53 5 1
plotter-pen/pkg/curve/biarc.go:137.60,139.13 2 1
plotter-pen/pkg/curve/biarc.go:139.13,141.3 1 1
plotter-pen/pkg/curve/biarc.go:143.2,144.11 2 1
plotter-pen/pkg/curve/biarc.go:144.11,146.3 1 1
plotter-pen/pkg/curve/biarc.go:147.2,147.11 1 1
plotter-pen/pkg/curve/biarc.go:147.11,149.3 1 1
plotter-pen/pkg/curve/biarc.go:151.2,155.25 2 1
plotter-pen/pkg/curve/fit.go:10.75,15.27 3 1
plotter-pen/pkg/curve/fit.go:15.27,18.3 2 1
plotter-pen/pkg/curve/fit.go:19.2,23.27 4 1
plotter-pen/pkg/curve/fit.go:23.27,33.3 9 1
plotter-pen/pkg/curve/fit.go:36.2,44.26 8 1
plotter-pen/pkg/curve/fit.go:44.26,46.3 1 1
plotter-pen/pkg/curve/fit.go:48.2,55.27 5 1
plotter-pen/pkg/curve/fit.go:55.27,57.3 1 1
plotter-pen/pkg/curve/fit.go:58.2,60.28 2 1
plotter-pen/pkg/gcode/generator.go:16.32,18.2 1 1
plotter-pen/pkg/gcode/generator.go:20.46,22.2 1 1
plotter-pen/pkg/gcode/generator.go:25.39,27.2 1 1
plotter-pen/pkg/gcode/generator.go:30.30,35.2 4 1
plotter-pen/pkg/gcode/generator.go:38.30,40.2 1 1
plotter-pen/pkg/gcode/generator.go:43.39,45.2 1 1
plotter-pen/pkg/gcode/generator.go:48.43,50.2 1 1
plotter-pen/pkg/gcode/generator.go:53.44,55.2 1 1
plotter-pen/pkg/gcode/generator.go:58.48,60.2 1 1
plotter-pen/pkg/gcode/generator.go:63.101,69.8 4 1
plotter-pen/pkg/gcode/generator.go:69.8,71.3 1 1
plotter-pen/pkg/gcode/generator.go:73.2,78.4 1 1
plotter-pen/pkg/gcode/generator.go:82.37,84.2 1 1
plotter-pen/pkg/geom/types.go:11.46,13.2 1 1
plotter-pen/pkg/geom/types.go:16.48,20.2 3 1
plotter-pen/pkg/geom/types.go:23.39,25.2 1 1
plotter-pen/pkg/geom/types.go:28.39,30.2 1 1
plotter-pen/pkg/geom/types.go:33.39,35.2 1 1
plotter-pen/pkg/geom/types.go:43.32,45.2 1 1
plotter-pen/pkg/geom/types.go:52.48,53.16 1 1
plotter-pen/pkg/geom/types.go:53.16,55.3 1 1
plotter-pen/pkg/geom/types.go:56.2,56.47 1 1
plotter-pen/pkg/geom/types.go:60.52,61.16 1 1
plotter-pen/pkg/geom/types.go:61.16,63.3 1 1
plotter-pen/pkg/geom/types.go:64.2,64.44 1 1
plotter-pen/pkg/geom/types.go:64.44,66.3 1 1
plotter-pen/pkg/geom/types.go:67.2,67.24 1 1
plotter-pen/pkg/geom/types.go:71.57,72.17 1 1
plotter-pen/pkg/geom/types.go:72.17,74.3 1 1
plotter-pen/pkg/geom/types.go:75.2,77.27 3 1
plotter-pen/pkg/geom/types.go:77.27,78.18 1 1
plotter-pen/pkg/geom/types.go:78.18,80.4 1 1
plotter-pen/pkg/geom/types.go:81.3,81.18 1 1
plotter-pen/pkg/geom/types.go:81.18,83.4 1 1
plotter-pen/pkg/geom/types.go:84.3,84.18 1 1
plotter-pen/pkg/geom/types.go:84.18,86.4 1 1
plotter-pen/pkg/geom/types.go:87.3,87.18 1 1
plotter-pen/pkg/geom/types.go:87.18,89.4 1 1
plotter-pen/pkg/geom/types.go:91.2,91.8 1 1
plotter-pen/pkg/geom/types.go:95.30,98.23 3 1
plotter-pen/pkg/geom/types.go:98.23,100.3 1 1
plotter-pen/pkg/geom/types.go:101.2,101.12 1 1
plotter-pen/pkg/clipper/adapter.go:11.86,12.19 1 1
plotter-pen/pkg/clipper/adapter.go:12.19,14.3 1 1
plotter-pen/pkg/clipper/adapter.go:18.2,20.25 3 1
plotter-pen/pkg/clipper/adapter.go:20.25,25.3 1 1
plotter-pen/pkg/clipper/adapter.go:28.2,37.31 6 1
plotter-pen/pkg/clipper/adapter.go:37.31,39.28 2 1
plotter-pen/pkg/clipper/adapter.go:39.28,44.4 1 1
plotter-pen/pkg/clipper/adapter.go:45.3,45.33 1 1
plotter-pen/pkg/clipper/adapter.go:48.2,48.15 1 1
plotter-pen/pkg/clipper/adapter.go:52.65,55.2 1 1
plotter-pen/pkg/clipper/adapter.go:58.63,61.25 3 1
plotter-pen/pkg/clipper/adapter.go:61.25,66.3 1 1
plotter-pen/pkg/clipper/adapter.go:68.2,76.31 6 1
plotter-pen/pkg/clipper/adapter.go:76.31,78.28 2 1
plotter-pen/pkg/clipper/adapter.go:78.28,83.4 1 1
plotter-pen/pkg/clipper/adapter.go:84.3,84.33 1 1
plotter-pen/pkg/clipper/adapter.go:86.2,86.15 1 1
plotter-pen/pkg/clipper/adapter.go:93.90,98.26 3 1
plotter-pen/pkg/clipper/adapter.go:98.26,100.24 2 1
plotter-pen/pkg/clipper/adapter.go:100.24,105.4 1 1
plotter-pen/pkg/clipper/adapter.go:106.3,106.45 1 1
plotter-pen/pkg/clipper/adapter.go:109.2,122.28 7 1
plotter-pen/pkg/clipper/adapter.go:122.28,124.38 1 1
plotter-pen/pkg/clipper/adapter.go:124.38,126.29 2 1
plotter-pen/pkg/clipper/adapter.go:126.29,131.5 1 1
plotter-pen/pkg/clipper/adapter.go:132.4,132.44 1 1
plotter-pen/pkg/clipper/adapter.go:136.3,142.26 5 1
plotter-pen/pkg/clipper/adapter.go:145.2,145.20 1 1
plotter-pen/internal/service/cam/pocket.go:30.78,31.21 1 1
plotter-pen/internal/service/cam/pocket.go:31.21,33.3 1 1
plotter-pen/internal/service/cam/pocket.go:35.2,37.19 3 1
plotter-pen/internal/service/cam/pocket.go:37.19,39.3 1 1
plotter-pen/internal/service/cam/pocket.go:42.2,43.26 2 1
plotter-pen/internal/service/cam/pocket.go:43.26,45.3 1 1
plotter-pen/internal/service/cam/pocket.go:48.2,61.68 8 1
plotter-pen/internal/service/cam/pocket.go:61.68,63.3 1 1
plotter-pen/internal/service/cam/pocket.go:65.2,65.42 1 1
plotter-pen/internal/service/cam/pocket.go:65.42,67.36 2 1
plotter-pen/internal/service/cam/pocket.go:67.36,69.4 1 1
plotter-pen/internal/service/cam/pocket.go:71.3,73.36 2 1
plotter-pen/internal/service/cam/pocket.go:73.36,74.21 1 1
plotter-pen/internal/service/cam/pocket.go:74.21,75.13 1 0
plotter-pen/internal/service/cam/pocket.go:79.4,87.35 5 1
plotter-pen/internal/service/cam/pocket.go:87.35,90.5 2 1
plotter-pen/internal/service/cam/pocket.go:93.4,94.12 2 1
plotter-pen/internal/service/cam/pocket.go:98.2,104.3 2 1
plotter-pen/internal/service/cam/pocket.go:108.55,109.21 1 1
plotter-pen/internal/service/cam/pocket.go:109.21,111.3 1 1
plotter-pen/internal/service/cam/pocket.go:113.2,117.34 4 1
plotter-pen/internal/service/cam/pocket.go:117.34,121.30 3 1
plotter-pen/internal/service/cam/pocket.go:121.30,122.33 1 1
plotter-pen/internal/service/cam/pocket.go:122.33,123.13 1 1
plotter-pen/internal/service/cam/pocket.go:127.4,128.21 2 1
plotter-pen/internal/service/cam/pocket.go:128.21,131.5 2 1
plotter-pen/internal/service/cam/pocket.go:134.4,134.28 1 1
plotter-pen/internal/service/cam/pocket.go:134.28,136.22 2 1
plotter-pen/internal/service/cam/pocket.go:136.22,139.6 2 1
plotter-pen/internal/service/cam/pocket.go:143.3,143.19 1 1
plotter-pen/internal/service/cam/pocket.go:143.19,148.45 3 1
plotter-pen/internal/service/cam/pocket.go:148.45,151.28 3 1
plotter-pen/internal/service/cam/pocket.go:151.28,153.6 1 1
plotter-pen/internal/service/cam/pocket.go:156.4,157.21 2 1
plotter-pen/internal/service/cam/pocket.go:157.21,159.5 1 1
plotter-pen/internal/service/cam/pocket.go:163.2,163.18 1 1
plotter-pen/internal/service/cam/profile.go:30.81,31.21 1 1
plotter-pen/internal/service/cam/profile.go:31.21,33.3 1 1
plotter-pen/internal/service/cam/profile.go:35.2,39.29 3 1
plotter-pen/internal/service/cam/profile.go:39.29,41.26 2 1
plotter-pen/internal/service/cam/profile.go:42.17,43.24 1 1
plotter-pen/internal/service/cam/profile.go:44.18,45.23 1 1
plotter-pen/internal/service/cam/profile.go:46.11,47.14 1 1
plotter-pen/internal/service/cam/profile.go:50.3,50.18 1 1
plotter-pen/internal/service/cam/profile.go:50.18,52.4 1 1
plotter-pen/internal/service/cam/profile.go:52.9,52.47 1 1
plotter-pen/internal/service/cam/profile.go:52.47,55.4 2 1
plotter-pen/internal/service/cam/profile.go:55.9,58.4 2 1
plotter-pen/internal/service/cam/profile.go:62.2,72.68 7 1
plotter-pen/internal/service/cam/profile.go:72.68,74.3 1 1
plotter-pen/internal/service/cam/profile.go:76.2,76.35 1 1
plotter-pen/internal/service/cam/profile.go:76.35,77.20 1 1
plotter-pen/internal/service/cam/profile.go:77.20,78.12 1 1
plotter-pen/internal/service/cam/profile.go:81.3,81.43 1 1
plotter-pen/internal/service/cam/profile.go:81.43,83.37 2 1
plotter-pen/internal/service/cam/profile.go:83.37,85.5 1 1
plotter-pen/internal/service/cam/profile.go:88.4,96.35 5 1
plotter-pen/internal/service/cam/profile.go:96.35,99.5 2 1
plotter-pen/internal/service/cam/profile.go:102.4,103.12 2 1
plotter-pen/internal/service/cam/profile.go:107.2,113.3 2 1
plotter-pen/internal/service/opcua/client.go:26.47,31.2 1 1
plotter-pen/internal/service/opcua/client.go:34.53,38.36 3 0
plotter-pen/internal/service/opcua/client.go:38.36,40.3 1 0
plotter-pen/internal/service/opcua/client.go:42.2,46.16 4 0
plotter-pen/internal/service/opcua/client.go:46.16,48.3 1 0
plotter-pen/internal/service/opcua/client.go:50.2,50.44 1 0
plotter-pen/internal/service/opcua/client.go:50.44,52.3 1 0
plotter-pen/internal/service/opcua/client.go:54.2,57.12 4 0
plotter-pen/internal/service/opcua/client.go:61.68,65.26 2 0
plotter-pen/internal/service/opcua/client.go:66.14,67.70 1 0
plotter-pen/internal/service/opcua/client.go:68.24,69.80 1 0
plotter-pen/internal/service/opcua/client.go:70.10,71.70 1 0
plotter-pen/internal/service/opcua/client.go:75.2,75.28 1 0
plotter-pen/internal/service/opcua/client.go:76.18,77.74 1 0
plotter-pen/internal/service/opcua/client.go:78.24,79.80 1 0
plotter-pen/internal/service/opcua/client.go:80.10,81.52 1 0
plotter-pen/internal/service/opcua/client.go:85.2,85.45 1 0
plotter-pen/internal/service/opcua/client.go:85.45,88.3 2 0
plotter-pen/internal/service/opcua/client.go:91.2,91.24 1 0
plotter-pen/internal/service/opcua/client.go:91.24,93.3 1 0
plotter-pen/internal/service/opcua/client.go:93.8,95.3 1 0
plotter-pen/internal/service/opcua/client.go:97.2,97.13 1 0
plotter-pen/internal/service/opcua/client.go:101.56,105.21 3 0
plotter-pen/internal/service/opcua/client.go:105.21,107.3 1 0
plotter-pen/internal/service/opcua/client.go:109.2,112.12 4 0
plotter-pen/internal/service/opcua/client.go:116.37,120.2 3 1
plotter-pen/internal/service/opcua/client.go:123.85,127.37 3 0
plotter-pen/internal/service/opcua/client.go:127.37,129.3 1 0
plotter-pen/internal/service/opcua/client.go:131.2,132.16 2 0
plotter-pen/internal/service/opcua/client.go:132.16,134.3 1 0
plotter-pen/internal/service/opcua/client.go:136.2,137.16 2 0
plotter-pen/internal/service/opcua/client.go:137.16,139.3 1 0
plotter-pen/internal/service/opcua/client.go:141.2,152.16 3 0
plotter-pen/internal/service/opcua/client.go:152.16,154.3 1 0
plotter-pen/internal/service/opcua/client.go:156.2,156.36 1 0
plotter-pen/internal/service/opcua/client.go:156.36,158.3 1 0
plotter-pen/internal/service/opcua/client.go:160.2,160.12 1 0
plotter-pen/internal/service/opcua/client.go:164.82,166.2 1 0
plotter-pen/internal/service/opcua/client.go:169.80,171.2 1 0
plotter-pen/internal/service/opcua/client.go:174.100,178.37 3 0
plotter-pen/internal/service/opcua/client.go:178.37,180.3 1 0
plotter-pen/internal/service/opcua/client.go:182.2,183.16 2 0
plotter-pen/internal/service/opcua/client.go:183.16,185.3 1 0
plotter-pen/internal/service/opcua/client.go:187.2,198.16 3 0
plotter-pen/internal/service/opcua/client.go:198.16,200.3 1 0
plotter-pen/internal/service/opcua/client.go:202.2,202.36 1 0
plotter-pen/internal/service/opcua/client.go:202.36,204.3 1 0
plotter-pen/internal/service/opcua/client.go:206.2,206.12 1 0
plotter-pen/internal/service/opcua/client.go:210.87,211.18 1 0
plotter-pen/internal/service/opcua/client.go:212.16,214.10 2 0
plotter-pen/internal/service/opcua/client.go:214.10,216.4 1 0
plotter-pen/internal/service/opcua/client.go:217.3,217.26 1 0
plotter-pen/internal/service/opcua/client.go:219.22,220.41 1 0
plotter-pen/internal/service/opcua/client.go:222.15,223.35 1 0
plotter-pen/internal/service/opcua/client.go:225.15,226.35 1 0
plotter-pen/internal/service/opcua/client.go:228.14,229.31 1 0
plotter-pen/internal/service/opcua/client.go:229.31,231.4 1 0
plotter-pen/internal/service/opcua/client.go:232.3,232.60 1 0
plotter-pen/internal/service/opcua/client.go:234.10,235.48 1 0
plotter-pen/internal/service/opcua/client.go:239.81,240.26 1 0
plotter-pen/internal/service/opcua/client.go:241.16,242.26 1 0
plotter-pen/internal/service/opcua/client.go:243.14,245.30 2 0
plotter-pen/internal/service/opcua/client.go:246.21,248.26 2 0
plotter-pen/internal/service/opcua/client.go:248.26,250.4 1 0
plotter-pen/internal/service/opcua/client.go:251.3,251.28 1 0
plotter-pen/internal/service/opcua/client.go:252.10,253.68 1 0
plotter-pen/internal/service/opcua/client.go:257.75,258.26 1 0
plotter-pen/internal/service/opcua/client.go:259.11,260.33 1 0
plotter-pen/internal/service/opcua/client.go:261.13,262.26 1 0
plotter-pen/internal/service/opcua/client.go:263.13,264.33 1 0
plotter-pen/internal/service/opcua/client.go:265.15,266.33 1 0
plotter-pen/internal/service/opcua/client.go:267.10,268.61 1 0
plotter-pen/internal/service/opcua/client.go:272.75,273.26 1 0
plotter-pen/internal/service/opcua/client.go:274.15,275.35 1 0
plotter-pen/internal/service/opcua/client.go:276.15,277.26 1 0
plotter-pen/internal/service/opcua/client.go:278.11,279.35 1 0
plotter-pen/internal/service/opcua/client.go:280.10,281.61 1 0
plotter-pen/internal/service/opcua/client.go:286.91,287.52 1 0
plotter-pen/internal/service/opcua/client.go:287.52,289.3 1 0
plotter-pen/internal/service/opcua/client.go:291.2,293.55 2 0
plotter-pen/internal/service/opcua/client.go:293.55,295.3 1 0
plotter-pen/internal/service/opcua/client.go:297.2,297.12 1 0
plotter-pen/internal/service/opcua/client.go:301.87,305.37 3 0
plotter-pen/internal/service/opcua/client.go:305.37,307.3 1 0
plotter-pen/internal/service/opcua/client.go:309.2,310.16 2 0
plotter-pen/internal/service/opcua/client.go:310.16,312.3 1 0
plotter-pen/internal/service/opcua/client.go:314.2,321.16 3 0
plotter-pen/internal/service/opcua/client.go:321.16,323.3 1 0
plotter-pen/internal/service/opcua/client.go:325.2,325.43 1 0
plotter-pen/internal/service/opcua/client.go:325.43,327.3 1 0
plotter-pen/internal/service/opcua/client.go:329.2,329.43 1 0
plotter-pen/internal/service/opcua/config.go:49.57,77.2 4 1
plotter-pen/internal/service/opcua/config.go:80.41,82.16 2 1
plotter-pen/internal/service/opcua/config.go:82.16,84.3 1 1
plotter-pen/internal/service/opcua/config.go:86.2,87.51 2 1
plotter-pen/internal/service/opcua/config.go:87.51,89.3 1 1
plotter-pen/internal/service/opcua/config.go:93.40,94.49 1 1
plotter-pen/internal/service/opcua/config.go:94.49,96.3 1 1
plotter-pen/internal/service/opcua/config.go:97.2,97.50 1 1
plotter-pen/internal/service/opcua/config.go:97.50,99.3 1 1
plotter-pen/internal/service/opcua/config.go:100.2,100.53 1 1
plotter-pen/internal/service/opcua/config.go:100.53,102.3 1 1
plotter-pen/internal/service/opcua/config.go:103.2,103.51 1 1
plotter-pen/internal/service/opcua/config.go:103.51,105.3 1 0
plotter-pen/internal/service/opcua/config.go:106.2,106.50 1 1
plotter-pen/internal/service/opcua/config.go:106.50,108.3 1 1
plotter-pen/internal/service/opcua/config.go:110.2,110.51 1 1
plotter-pen/internal/service/opcua/config.go:110.51,112.3 1 1
plotter-pen/internal/service/opcua/config.go:113.2,113.51 1 1
plotter-pen/internal/service/opcua/config.go:113.51,115.3 1 1
plotter-pen/internal/service/opcua/config.go:116.2,116.51 1 1
plotter-pen/internal/service/opcua/config.go:116.51,118.3 1 1
plotter-pen/internal/service/opcua/config.go:120.2,120.52 1 1
plotter-pen/internal/service/opcua/config.go:120.52,122.3 1 0
plotter-pen/internal/service/opcua/config.go:126.45,131.16 4 1
plotter-pen/internal/service/opcua/config.go:131.16,133.3 1 0
plotter-pen/internal/service/opcua/config.go:134.2,134.48 1 1
plotter-pen/internal/service/opcua/config.go:138.39,142.2 3 1
plotter-pen/internal/service/opcua/config.go:145.49,149.28 3 1
plotter-pen/internal/service/opcua/config.go:149.28,151.3 1 1
plotter-pen/internal/service/opcua/config.go:152.2,152.29 1 1
plotter-pen/internal/service/opcua/config.go:152.29,154.3 1 1
plotter-pen/internal/service/opcua/config.go:155.2,155.31 1 1
plotter-pen/internal/service/opcua/config.go:155.31,157.3 1 0
plotter-pen/internal/service/opcua/config.go:158.2,158.29 1 1
plotter-pen/internal/service/opcua/config.go:158.29,160.3 1 0
plotter-pen/internal/service/opcua/config.go:161.2,161.28 1 1
plotter-pen/internal/service/opcua/config.go:161.28,163.3 1 1
plotter-pen/internal/service/opcua/config.go:164.2,164.28 1 1
plotter-pen/internal/service/opcua/config.go:164.28,166.3 1 1
plotter-pen/internal/service/opcua/config.go:168.2,168.33 1 1
plotter-pen/internal/service/opcua/config.go:168.33,170.3 1 0
plotter-pen/internal/service/opcua/config.go:171.2,171.33 1 1
plotter-pen/internal/service/opcua/config.go:171.33,173.3 1 0
plotter-pen/internal/service/opcua/config.go:174.2,174.33 1 1
plotter-pen/internal/service/opcua/config.go:174.33,176.3 1 0
plotter-pen/internal/service/opcua/config.go:178.2,178.30 1 1
plotter-pen/internal/service/opcua/config.go:178.30,180.3 1 0
plotter-pen/internal/service/opcua/config.go:181.2,181.29 1 1
plotter-pen/internal/service/opcua/config.go:181.29,183.3 1 0
plotter-pen/internal/service/opcua/config.go:184.2,184.32 1 1
plotter-pen/internal/service/opcua/config.go:184.32,186.3 1 0
plotter-pen/internal/service/opcua/config.go:187.2,187.38 1 1
plotter-pen/internal/service/opcua/config.go:187.38,189.3 1 1
plotter-pen/internal/service/opcua/config.go:191.2,191.32 1 1
plotter-pen/internal/service/opcua/config.go:191.32,193.3 1 1
plotter-pen/internal/service/opcua/config.go:194.2,194.34 1 1
plotter-pen/internal/service/opcua/config.go:194.34,196.3 1 1
plotter-pen/internal/service/opcua/config.go:197.2,197.28 1 1
plotter-pen/internal/service/opcua/config.go:197.28,199.3 1 1
plotter-pen/internal/service/opcua/config.go:200.2,200.27 1 1
plotter-pen/internal/service/opcua/config.go:200.27,202.3 1 1
plotter-pen/internal/service/opcua/config.go:203.2,203.34 1 1
plotter-pen/internal/service/opcua/config.go:203.34,205.3 1 0
plotter-pen/internal/service/opcua/config.go:206.2,206.28 1 1
plotter-pen/internal/service/opcua/config.go:206.28,208.3 1 1
plotter-pen/internal/service/opcua/config.go:209.2,209.28 1 1
plotter-pen/internal/service/opcua/config.go:209.28,211.3 1 1
plotter-pen/internal/service/opcua/config.go:215.57,218.21 2 1
plotter-pen/internal/service/opcua/config.go:218.21,220.3 1 1
plotter-pen/internal/service/opcua/config.go:222.2,222.29 1 1
plotter-pen/internal/service/opcua/config.go:222.29,224.3 1 1
plotter-pen/internal/service/opcua/config.go:225.2,225.30 1 1
plotter-pen/internal/service/opcua/config.go:225.30,227.3 1 0
plotter-pen/internal/service/opcua/config.go:228.2,228.32 1 1
plotter-pen/internal/service/opcua/config.go:228.32,230.3 1 0
plotter-pen/internal/service/opcua/config.go:231.2,231.30 1 1
plotter-pen/internal/service/opcua/config.go:231.30,233.3 1 0
plotter-pen/internal/service/opcua/config.go:234.2,234.29 1 1
plotter-pen/internal/service/opcua/config.go:234.29,236.3 1 0
plotter-pen/internal/service/opcua/config.go:237.2,237.29 1 1
plotter-pen/internal/service/opcua/config.go:237.29,239.3 1 0
plotter-pen/internal/service/opcua/config.go:241.2,241.13 1 1
plotter-pen/internal/service/opcua/position.go:29.70,34.29 3 0
plotter-pen/internal/service/opcua/position.go:34.29,36.17 2 0
plotter-pen/internal/service/opcua/position.go:36.17,38.4 1 0
plotter-pen/internal/service/opcua/position.go:42.2,42.29 1 0
plotter-pen/internal/service/opcua/position.go:42.29,44.17 2 0
plotter-pen/internal/service/opcua/position.go:44.17,46.4 1 0
plotter-pen/internal/service/opcua/position.go:50.2,50.29 1 0
plotter-pen/internal/service/opcua/position.go:50.29,52.17 2 0
plotter-pen/internal/service/opcua/position.go:52.17,54.4 1 0
plotter-pen/internal/service/opcua/position.go:57.2,57.17 1 0
plotter-pen/internal/service/opcua/position.go:61.70,67.23 3 0
plotter-pen/internal/service/opcua/position.go:67.23,69.3 1 0
plotter-pen/internal/service/opcua/position.go:72.2,75.26 2 0
plotter-pen/internal/service/opcua/position.go:75.26,76.62 1 0
plotter-pen/internal/service/opcua/position.go:76.62,78.4 1 0
plotter-pen/internal/service/opcua/position.go:82.2,82.25 1 0
plotter-pen/internal/service/opcua/position.go:82.25,83.61 1 0
plotter-pen/internal/service/opcua/position.go:83.61,85.4 1 0
plotter-pen/internal/service/opcua/position.go:89.2,89.28 1 0
plotter-pen/internal/service/opcua/position.go:89.28,90.64 1 0
plotter-pen/internal/service/opcua/position.go:90.64,92.4 1 0
plotter-pen/internal/service/opcua/position.go:95.2,95.15 1 0
plotter-pen/internal/service/opcua/position.go:99.59,103.2 3 0
plotter-pen/internal/service/opcua/position.go:106.60,109.36 3 0
plotter-pen/internal/service/opcua/position.go:109.36,111.3 1 0
plotter-pen/internal/service/opcua/position.go:113.2,113.12 1 0
plotter-pen/internal/service/opcua/position.go:113.12,117.7 3 0
plotter-pen/internal/service/opcua/position.go:117.7,118.11 1 0
plotter-pen/internal/service/opcua/position.go:119.22,120.11 1 0
plotter-pen/internal/service/opcua/position.go:121.20,122.11 1 0
plotter-pen/internal/service/opcua/position.go:123.20,124.48 1 0
plotter-pen/internal/service/opcua/position.go:124.48,125.53 1 0
plotter-pen/internal/service/opcua/position.go:125.53,127.7 1 0
plotter-pen/internal/service/opcua/position.go:135.40,138.21 3 0
plotter-pen/internal/service/opcua/position.go:138.21,141.3 2 0
plotter-pen/internal/service/opcua/position.go:145.39,146.25 1 0
plotter-pen/internal/service/opcua/position.go:147.15,148.13 1 0
plotter-pen/internal/service/opcua/position.go:149.15,150.22 1 0
plotter-pen/internal/service/opcua/position.go:151.11,152.22 1 0
plotter-pen/internal/service/opcua/position.go:153.13,154.22 1 0
plotter-pen/internal/service/opcua/position.go:155.13,156.22 1 0
plotter-pen/internal/service/opcua/position.go:157.10,158.11 1 0
plotter-pen/internal/system/browser.go:18.43,24.2 1 1
plotter-pen/internal/system/browser.go:27.36,29.2 1 0
plotter-pen/internal/system/browser.go:32.65,33.18 1 1
plotter-pen/internal/system/browser.go:33.18,35.3 1 1
plotter-pen/internal/system/browser.go:37.2,37.19 1 1
plotter-pen/internal/system/browser.go:37.19,39.3 1 1
plotter-pen/internal/system/browser.go:41.2,41.34 1 1
plotter-pen/internal/system/browser.go:45.35,46.12 1 0
plotter-pen/internal/system/browser.go:46.12,48.3 1 0
plotter-pen/internal/system/browser.go:52.41,55.19 2 1
plotter-pen/internal/system/browser.go:55.19,57.3 1 0
plotter-pen/internal/system/browser.go:57.8,58.23 1 1
plotter-pen/internal/system/browser.go:59.18,60.70 1 1
plotter-pen/internal/system/browser.go:61.17,62.35 1 0
plotter-pen/internal/system/browser.go:63.16,64.39 1 0
plotter-pen/internal/system/browser.go:65.39,66.39 1 0
plotter-pen/internal/system/browser.go:67.11,68.63 1 0
plotter-pen/internal/system/browser.go:72.2,72.36 1 1
plotter-pen/internal/system/browser.go:72.36,74.3 1 0
plotter-pen/internal/system/browser.go:76.2,76.12 1 1
plotter-pen/internal/system/browser.go:80.33,81.22 1 1
plotter-pen/internal/system/browser.go:82.17,83.41 1 1
plotter-pen/internal/system/browser.go:84.16,85.37 1 0
plotter-pen/internal/system/browser.go:86.15,87.41 1 0
plotter-pen/internal/system/browser.go:88.10,89.19 1 0
plotter-pen/internal/system/browser.go:94.32,95.22 1 1
plotter-pen/internal/system/browser.go:96.27,97.14 1 1
plotter-pen/internal/system/browser.go:98.10,100.20 2 0
plotter-pen/internal/system/config.go:26.41,40.2 1 1
plotter-pen/internal/system/config.go:43.38,56.58 11 1
plotter-pen/internal/system/config.go:56.58,58.3 1 0
plotter-pen/internal/system/config.go:60.2,60.62 1 1
plotter-pen/internal/system/config.go:60.62,62.3 1 0
plotter-pen/internal/system/config.go:64.2,64.63 1 1
plotter-pen/internal/system/config.go:64.63,66.3 1 0
plotter-pen/internal/system/config.go:68.2,68.12 1 1
plotter-pen/internal/system/config.go:72.50,73.38 1 1
plotter-pen/internal/system/config.go:73.38,75.3 1 1
plotter-pen/internal/system/config.go:76.2,76.19 1 1
plotter-pen/internal/system/config.go:80.48,81.38 1 1
plotter-pen/internal/system/config.go:81.38,82.46 1 1
plotter-pen/internal/system/config.go:82.46,84.4 1 1
plotter-pen/internal/system/config.go:86.2,86.19 1 1
plotter-pen/internal/system/config.go:90.51,91.38 1 1
plotter-pen/internal/system/config.go:91.38,93.16 2 1
plotter-pen/internal/system/config.go:94.33,95.15 1 1
plotter-pen/internal/system/config.go:96.34,97.16 1 1
plotter-pen/internal/system/config.go:100.2,100.19 1 1
plotter-pen/internal/system/config.go:104.58,105.38 1 1
plotter-pen/internal/system/config.go:105.38,106.56 1 1
plotter-pen/internal/system/config.go:106.56,108.4 1 1
plotter-pen/internal/system/config.go:110.2,110.19 1 1
plotter-pen/internal/system/config.go:115.73,116.38 1 1
plotter-pen/internal/system/config.go:116.38,118.52 1 1
plotter-pen/internal/system/config.go:118.52,120.4 1 1
plotter-pen/internal/system/config.go:122.3,122.47 1 1
plotter-pen/internal/system/config.go:122.47,124.4 1 1
plotter-pen/internal/system/config.go:126.2,126.19 1 1
plotter-pen/internal/system/config.go:130.66,131.38 1 1
plotter-pen/internal/system/config.go:131.38,134.27 3 1
plotter-pen/internal/system/config.go:134.27,135.54 1 1
plotter-pen/internal/system/config.go:135.54,137.5 1 1
plotter-pen/internal/system/config.go:139.3,139.22 1 1
plotter-pen/internal/system/config.go:139.22,141.4 1 1
plotter-pen/internal/system/config.go:143.2,143.19 1 1
plotter-pen/internal/system/config.go:147.36,149.15 2 1
plotter-pen/internal/system/config.go:149.15,150.57 1 1
plotter-pen/internal/system/config.go:152.2,152.12 1 1
plotter-pen/internal/system/config.go:156.26,159.2 2 1
plotter-pen/internal/system/config.go:162.27,164.2 1 1
plotter-pen/internal/system/port.go:17.37,23.2 1 1
plotter-pen/internal/system/port.go:26.53,27.36 1 1
plotter-pen/internal/system/port.go:27.36,29.28 2 1
plotter-pen/internal/system/port.go:29.28,31.4 1 1
plotter-pen/internal/system/port.go:33.2,34.47 1 1
plotter-pen/internal/system/port.go:38.37,41.16 3 1
plotter-pen/internal/system/port.go:41.16,43.3 1 1
plotter-pen/internal/system/port.go:44.2,45.13 2 1
plotter-pen/internal/system/port.go:49.33,51.2 1 1
plotter-pen/internal/system/port.go:54.70,58.54 3 1
plotter-pen/internal/system/port.go:58.54,59.28 1 1
plotter-pen/internal/system/port.go:59.28,61.4 1 1
plotter-pen/internal/system/port.go:62.3,62.9 1 1
plotter-pen/internal/system/port.go:65.2,65.24 1 1
plotter-pen/internal/system/port.go:65.24,67.3 1 0
plotter-pen/internal/system/port.go:69.2,69.19 1 1
plotter-pen/internal/system/port.go:73.57,75.34 2 1
plotter-pen/internal/system/port.go:75.34,76.28 1 1
plotter-pen/internal/system/port.go:76.28,78.4 1 1
plotter-pen/internal/system/port.go:79.3,79.36 1 1
plotter-pen/internal/system/port.go:81.2,81.80 1 1
plotter-pen/internal/system/port.go:85.62,87.34 2 1
plotter-pen/internal/system/port.go:87.34,88.24 1 1
plotter-pen/internal/system/port.go:88.24,90.4 1 1
plotter-pen/internal/system/port.go:91.3,91.36 1 1
plotter-pen/internal/system/port.go:93.2,93.77 1 1
plotter-pen/internal/system/port.go:97.46,99.16 2 1
plotter-pen/internal/system/port.go:99.16,101.3 1 0
plotter-pen/internal/system/port.go:103.2,104.29 2 1
plotter-pen/internal/system/port.go:104.29,105.41 1 1
plotter-pen/internal/system/port.go:105.41,106.41 1 1
plotter-pen/internal/system/port.go:106.41,108.5 1 1
plotter-pen/internal/system/port.go:112.2,112.17 1 1
plotter-pen/internal/system/port.go:116.54,118.14 2 1
plotter-pen/internal/system/port.go:118.14,120.3 1 1
plotter-pen/internal/system/port.go:121.2,121.55 1 1
plotter-pen/internal/service/import/dxf.go:86.53,88.16 2 1
plotter-pen/internal/service/import/dxf.go:88.16,90.3 1 0
plotter-pen/internal/service/import/dxf.go:92.2,105.33 5 1
plotter-pen/internal/service/import/dxf.go:105.33,107.27 2 1
plotter-pen/internal/service/import/dxf.go:107.27,112.4 4 1
plotter-pen/internal/service/import/dxf.go:115.2,118.34 3 1
plotter-pen/internal/service/import/dxf.go:118.34,120.3 1 1
plotter-pen/internal/service/import/dxf.go:122.2,122.20 1 1
plotter-pen/internal/service/import/dxf.go:126.82,128.16 2 1
plotter-pen/internal/service/import/dxf.go:128.16,130.3 1 0
plotter-pen/internal/service/import/dxf.go:132.2,138.26 2 1
plotter-pen/internal/service/import/dxf.go:138.26,140.3 1 0
plotter-pen/internal/service/import/dxf.go:142.2,142.23 1 1
plotter-pen/internal/service/import/dxf.go:142.23,145.3 2 1
plotter-pen/internal/service/import/dxf.go:147.2,147.52 1 1
plotter-pen/internal/service/import/dxf.go:147.52,150.3 2 1
plotter-pen/internal/service/import/dxf.go:152.2,152.20 1 1
plotter-pen/internal/service/import/dxf.go:152.20,155.3 2 1
plotter-pen/internal/service/import/dxf.go:157.2,159.21 2 1
plotter-pen/internal/service/import/dxf.go:159.21,161.3 1 1
plotter-pen/internal/service/import/dxf.go:163.2,163.20 1 1
plotter-pen/internal/service/import/dxf.go:167.72,171.31 3 1
plotter-pen/internal/service/import/dxf.go:171.31,172.20 1 1
plotter-pen/internal/service/import/dxf.go:172.20,174.4 1 1
plotter-pen/internal/service/import/dxf.go:177.2,177.28 1 1
plotter-pen/internal/service/import/dxf.go:177.28,179.3 1 1
plotter-pen/internal/service/import/dxf.go:181.2,181.31 1 1
plotter-pen/internal/service/import/dxf.go:181.31,182.20 1 1
plotter-pen/internal/service/import/dxf.go:182.20,184.4 1 1
plotter-pen/internal/service/import/dxf.go:185.3,185.30 1 1
plotter-pen/internal/service/import/dxf.go:188.2,189.43 2 1
plotter-pen/internal/service/import/dxf.go:189.43,191.3 1 0
plotter-pen/internal/service/import/dxf.go:193.2,193.26 1 1
plotter-pen/internal/service/import/dxf.go:197.61,198.16 1 1
plotter-pen/internal/service/import/dxf.go:199.14,200.51 1 1
plotter-pen/internal/service/import/dxf.go:201.16,202.46 1 1
plotter-pen/internal/service/import/dxf.go:203.13,204.69 1 1
plotter-pen/internal/service/import/dxf.go:205.18,206.29 1 1
plotter-pen/internal/service/import/dxf.go:211.60,212.23 1 1
plotter-pen/internal/service/import/dxf.go:212.23,214.3 1 1
plotter-pen/internal/service/import/dxf.go:215.2,215.39 1 1
plotter-pen/internal/service/import/dxf.go:215.39,217.3 1 1
plotter-pen/internal/service/import/dxf.go:218.2,218.35 1 1
plotter-pen/internal/service/import/dxf.go:218.35,221.3 2 1
plotter-pen/internal/service/import/dxf.go:225.59,228.25 2 1
plotter-pen/internal/service/import/dxf.go:229.20,235.5 2 1
plotter-pen/internal/service/import/dxf.go:237.22,242.5 2 1
plotter-pen/internal/service/import/dxf.go:244.19,250.5 2 1
plotter-pen/internal/service/import/dxf.go:252.26,255.34 3 0
plotter-pen/internal/service/import/dxf.go:255.34,257.4 1 0
plotter-pen/internal/service/import/dxf.go:258.3,261.5 1 0
plotter-pen/internal/service/import/dxf.go:263.24,266.34 3 0
plotter-pen/internal/service/import/dxf.go:266.34,268.4 1 0
plotter-pen/internal/service/import/dxf.go:269.3,273.5 2 0
plotter-pen/internal/service/import/dxf.go:276.2,276.14 1 1
plotter-pen/internal/service/import/dxf.go:280.44,281.16 1 1
plotter-pen/internal/service/import/dxf.go:282.14,286.41 4 1
plotter-pen/internal/service/import/dxf.go:287.23,291.43 4 1
plotter-pen/internal/service/import/dxf.go:292.18,293.31 1 1
plotter-pen/internal/service/import/dxf.go:293.31,298.4 4 1
plotter-pen/internal/service/import/dxf.go:303.43,307.2 1 1
plotter-pen/internal/service/import/dxf.go:310.48,312.26 2 1
plotter-pen/internal/service/import/dxf.go:312.26,314.18 2 1
plotter-pen/internal/service/import/dxf.go:314.18,316.4 1 1
plotter-pen/internal/service/import/dxf.go:317.3,317.23 1 1
plotter-pen/internal/service/import/dxf.go:319.2,320.27 2 1
plotter-pen/internal/service/import/dxf.go:320.27,322.3 1 1
plotter-pen/internal/service/import/dxf.go:323.2,324.14 2 1
plotter-pen/internal/service/import/dxf.go:328.37,330.2 1 1
plotter-pen/internal/service/import/stl.go:41.51,45.16 3 1
plotter-pen/internal/service/import/stl.go:45.16,47.3 1 0
plotter-pen/internal/service/import/stl.go:49.2,60.38 3 1
plotter-pen/internal/service/import/stl.go:60.38,74.3 2 1
plotter-pen/internal/service/import/stl.go:75.2,85.20 4 1
plotter-pen/internal/service/import/stl.go:89.56,91.16 2 0
plotter-pen/internal/service/import/stl.go:91.16,93.3 1 0
plotter-pen/internal/service/import/stl.go:95.2,105.38 3 0
plotter-pen/internal/service/import/stl.go:105.38,119.3 2 0
plotter-pen/internal/service/import/stl.go:120.2,129.20 4 0
plotter-pen/internal/service/import/stl.go:133.58,137.39 3 1
plotter-pen/internal/service/import/stl.go:137.39,140.30 2 1
plotter-pen/internal/service/import/stl.go:140.30,150.4 2 0
plotter-pen/internal/service/import/stl.go:153.2,153.19 1 1
plotter-pen/internal/service/import/stl.go:157.59,163.29 3 1
plotter-pen/internal/service/import/stl.go:163.29,170.51 4 1
plotter-pen/internal/service/import/stl.go:170.51,171.31 1 1
plotter-pen/internal/service/import/stl.go:171.31,172.13 1 0
plotter-pen/internal/service/import/stl.go:175.4,179.46 4 1
plotter-pen/internal/service/import/stl.go:183.2,183.15 1 1
plotter-pen/internal/service/import/stl.go:187.44,204.2 10 1
plotter-pen/internal/service/import/stl.go:207.46,208.22 1 1
plotter-pen/internal/service/import/stl.go:208.22,210.3 1 1
plotter-pen/internal/service/import/stl.go:213.2,213.36 1 1
plotter-pen/internal/service/import/stl.go:213.36,215.3 1 1
plotter-pen/internal/service/import/stl.go:218.2,218.27 1 1
plotter-pen/internal/service/import/stl.go:222.61,223.21 1 1
plotter-pen/internal/service/import/stl.go:223.21,225.3 1 0
plotter-pen/internal/service/import/stl.go:227.2,233.35 5 1
plotter-pen/internal/service/import/stl.go:233.35,237.3 3 1
plotter-pen/internal/service/import/stl.go:239.2,239.22 1 1
plotter-pen/internal/service/import/svg.go:22.66,23.16 1 1
plotter-pen/internal/service/import/svg.go:23.16,25.3 1 0
plotter-pen/internal/service/import/svg.go:27.2,28.16 2 1
plotter-pen/internal/service/import/svg.go:28.16,30.3 1 0
plotter-pen/internal/service/import/svg.go:32.2,40.67 2 1
plotter-pen/internal/service/import/svg.go:40.67,42.3 1 1
plotter-pen/internal/service/import/svg.go:44.2,54.12 4 1
plotter-pen/internal/service/import/svg.go:54.12,55.20 1 1
plotter-pen/internal/service/import/svg.go:55.21,57.4 0 1
plotter-pen/internal/service/import/svg.go:61.2,64.33 3 1
plotter-pen/internal/service/import/svg.go:64.33,65.20 1 1
plotter-pen/internal/service/import/svg.go:66.28,68.28 1 1
plotter-pen/internal/service/import/svg.go:68.28,74.5 5 0
plotter-pen/internal/service/import/svg.go:75.4,76.21 2 1
plotter-pen/internal/service/import/svg.go:76.21,79.5 2 1
plotter-pen/internal/service/import/svg.go:81.28,82.21 1 1
plotter-pen/internal/service/import/svg.go:82.21,85.5 2 1
plotter-pen/internal/service/import/svg.go:87.29,88.60 1 0
plotter-pen/internal/service/import/svg.go:88.60,92.29 3 0
plotter-pen/internal/service/import/svg.go:92.29,94.6 1 0
plotter-pen/internal/service/import/svg.go:97.30,98.43 1 1
plotter-pen/internal/service/import/svg.go:98.43,110.5 5 1
plotter-pen/internal/service/import/svg.go:112.29,113.28 1 1
plotter-pen/internal/service/import/svg.go:113.28,121.5 6 1
plotter-pen/internal/service/import/svg.go:122.4,122.21 1 1
plotter-pen/internal/service/import/svg.go:127.2,127.26 1 1
plotter-pen/internal/service/import/svg.go:127.26,133.3 5 0
plotter-pen/internal/service/import/svg.go:135.2,138.34 3 1
plotter-pen/internal/service/import/svg.go:138.34,140.3 1 1
plotter-pen/internal/service/import/svg.go:142.2,142.20 1 1
plotter-pen/internal/service/import/svg.go:146.78,153.2 1 1
plotter-pen/internal/service/import/svg.go:156.81,157.30 1 0
plotter-pen/internal/service/import/svg.go:157.30,159.3 1 0
plotter-pen/internal/service/import/svg.go:161.2,164.34 2 0
plotter-pen/internal/service/import/svg.go:164.34,166.3 1 0
plotter-pen/internal/service/import/svg.go:169.2,170.18 2 0
plotter-pen/internal/service/import/svg.go:170.18,172.3 1 0
plotter-pen/internal/service/import/svg.go:172.8,174.3 1 0
plotter-pen/internal/service/import/svg.go:175.2,175.18 1 0
plotter-pen/internal/service/import/svg.go:175.18,177.3 1 0
plotter-pen/internal/service/import/svg.go:177.8,179.3 1 0
plotter-pen/internal/service/import/svg.go:182.2,182.58 1 0
plotter-pen/internal/service/import/svg.go:186.74,190.19 2 1
plotter-pen/internal/service/import/svg.go:190.19,192.3 1 1
plotter-pen/internal/service/import/svg.go:195.2,205.31 9 1
plotter-pen/internal/service/import/svg.go:209.56,213.2 3 1
plotter-pen/internal/service/import/svg.go:216.47,220.19 4 1
plotter-pen/internal/service/import/svg.go:220.19,222.3 1 0
plotter-pen/internal/service/import/svg.go:224.2,224.79 1 1
plotter-pen/internal/service/import/svg.go:228.33,230.2 1 1
plotter-pen/internal/service/import/svg.go:233.56,234.27 1 1
plotter-pen/internal/service/import/svg.go:234.27,239.3 4 1
plotter-pen/internal/service/import/svg.go:243.53,248.2 4 1
plotter-pen/internal/service/import/svg.go:251.46,254.2 2 1
plotter-pen/internal/service/import/transform.go:6.53,9.23 3 1
plotter-pen/internal/service/import/transform.go:9.23,11.3 1 1
plotter-pen/internal/service/import/transform.go:15.55,16.16 1 1
plotter-pen/internal/service/import/transform.go:17.14,21.15 4 1
plotter-pen/internal/service/import/transform.go:22.23,24.18 2 1
plotter-pen/internal/service/import/transform.go:25.18,26.27 1 1
plotter-pen/internal/service/import/transform.go:26.27,29.4 2 1
plotter-pen/internal/service/import/transform.go:34.57,35.23 1 1
plotter-pen/internal/service/import/transform.go:35.23,37.3 1 1
plotter-pen/internal/service/import/transform.go:41.51,42.16 1 1
plotter-pen/internal/service/import/transform.go:43.14,47.19 4 1
plotter-pen/internal/service/import/transform.go:48.23,51.21 3 1
plotter-pen/internal/service/import/transform.go:52.18,53.27 1 1
plotter-pen/internal/service/import/transform.go:53.27,56.4 2 1
plotter-pen/internal/service/import/transform.go:61.56,65.17 4 1
plotter-pen/internal/service/import/transform.go:65.17,67.3 1 1
plotter-pen/internal/service/import/transform.go:68.2,68.38 1 1
plotter-pen/internal/service/import/transform.go:72.51,73.21 1 1
plotter-pen/internal/service/import/transform.go:73.21,75.3 1 1
plotter-pen/internal/service/import/transform.go:76.2,80.23 2 1
plotter-pen/internal/service/import/transform.go:80.23,82.3 1 1
plotter-pen/internal/service/import/transform.go:83.2,83.10 1 1
plotter-pen/internal/service/import/transform.go:87.55,88.21 1 1
plotter-pen/internal/service/import/transform.go:88.21,90.3 1 1
plotter-pen/internal/service/import/transform.go:92.2,99.31 6 1
plotter-pen/internal/service/import/transform.go:99.31,103.24 3 1
plotter-pen/internal/service/import/transform.go:103.24,104.18 1 1
plotter-pen/internal/service/import/transform.go:104.18,105.13 1 1
plotter-pen/internal/service/import/transform.go:107.4,107.73 1 1
plotter-pen/internal/service/import/transform.go:107.73,110.5 2 1
plotter-pen/internal/service/import/transform.go:113.3,113.19 1 1
plotter-pen/internal/service/import/transform.go:113.19,117.4 3 1
plotter-pen/internal/service/import/transform.go:120.2,120.15 1 1
plotter-pen/internal/service/import/transform.go:124.40,125.16 1 1
plotter-pen/internal/service/import/transform.go:126.14,127.41 1 1
plotter-pen/internal/service/import/transform.go:128.23,130.93 2 1
plotter-pen/internal/service/import/transform.go:131.18,132.24 1 1
plotter-pen/internal/service/import/transform.go:132.24,134.4 1 1
plotter-pen/internal/service/import/transform.go:136.2,136.16 1 1
plotter-pen/internal/service/import/transform.go:140.38,141.16 1 1
plotter-pen/internal/service/import/transform.go:142.14,143.37 1 1
plotter-pen/internal/service/import/transform.go:144.16,145.54 1 1
plotter-pen/internal/service/import/transform.go:146.13,148.93 2 1
plotter-pen/internal/service/import/transform.go:149.18,150.24 1 1
plotter-pen/internal/service/import/transform.go:150.24,152.4 1 1
plotter-pen/internal/service/import/transform.go:154.2,154.16 1 1
plotter-pen/internal/service/import/transform.go:158.35,162.2 3 1
plotter-pen/internal/service/import/transform.go:165.50,167.26 2 1
plotter-pen/internal/service/import/transform.go:167.26,168.17 1 1
plotter-pen/internal/service/import/transform.go:169.15,170.116 1 1
plotter-pen/internal/service/import/transform.go:171.14,172.138 1 1
plotter-pen/internal/service/import/transform.go:173.17,174.112 1 1
plotter-pen/internal/service/import/transform.go:175.19,177.32 2 1
plotter-pen/internal/service/import/transform.go:177.32,179.5 1 1
plotter-pen/internal/service/import/transform.go:180.4,180.77 1 1
plotter-pen/internal/service/import/transform.go:183.2,183.14 1 1
plotter-pen/internal/persistence/db.go:57.46,61.16 2 1
plotter-pen/internal/persistence/db.go:61.16,63.3 1 1
plotter-pen/internal/persistence/db.go:66.2,73.16 2 1
plotter-pen/internal/persistence/db.go:73.16,75.3 1 0
plotter-pen/internal/persistence/db.go:78.2,86.16 4 1
plotter-pen/internal/persistence/db.go:89.34,92.38 2 1
plotter-pen/internal/persistence/db.go:92.38,94.3 1 1
plotter-pen/internal/persistence/db.go:97.2,98.41 2 1
plotter-pen/internal/persistence/db.go:98.41,100.3 1 1
plotter-pen/internal/persistence/db.go:103.36,106.15 3 1
plotter-pen/internal/persistence/db.go:106.15,108.3 1 1
plotter-pen/internal/persistence/db.go:110.2,117.36 2 1
plotter-pen/internal/persistence/db.go:117.36,119.3 1 1
plotter-pen/internal/persistence/db.go:122.39,125.15 3 1
plotter-pen/internal/persistence/db.go:125.15,127.3 1 1
plotter-pen/internal/persistence/db.go:129.2,173.42 2 1
plotter-pen/internal/persistence/db.go:173.42,175.3 1 1
plotter-pen/internal/handler/cam.go:20.34,22.2 1 1
plotter-pen/internal/handler/cam.go:25.57,27.2 2 1
plotter-pen/internal/handler/cam.go:27.2,31.3 3 1
plotter-pen/internal/handler/cam.go:80.46,82.47 2 1
plotter-pen/internal/handler/cam.go:82.47,85.3 2 1
plotter-pen/internal/handler/cam.go:88.2,89.21 2 1
plotter-pen/internal/handler/cam.go:89.21,92.3 2 1
plotter-pen/internal/handler/cam.go:95.2,100.32 4 1
plotter-pen/internal/handler/cam.go:101.16,115.29 5 1
plotter-pen/internal/handler/cam.go:117.10,131.29 5 1
plotter-pen/internal/handler/cam.go:134.2,144.4 1 1
plotter-pen/internal/handler/cam.go:148.81,151.31 2 1
plotter-pen/internal/handler/cam.go:151.31,152.17 1 1
plotter-pen/internal/handler/cam.go:153.15,158.31 2 1
plotter-pen/internal/handler/cam.go:160.17,163.31 2 1
plotter-pen/internal/handler/cam.go:165.14,168.21 2 1
plotter-pen/internal/handler/cam.go:168.21,170.5 1 1
plotter-pen/internal/handler/cam.go:172.43,173.26 1 1
plotter-pen/internal/handler/cam.go:173.26,175.33 2 1
plotter-pen/internal/handler/cam.go:175.33,177.6 1 1
plotter-pen/internal/handler/cam.go:178.5,178.32 1 1
plotter-pen/internal/handler/cam.go:183.2,183.14 1 1
plotter-pen/internal/handler/cam.go:187.78,189.33 2 1
plotter-pen/internal/handler/cam.go:189.33,195.3 2 1
plotter-pen/internal/handler/cam.go:196.2,196.13 1 1
plotter-pen/internal/handler/cam.go:200.99,201.12 1 1
plotter-pen/internal/handler/cam.go:201.12,203.3 1 1
plotter-pen/internal/handler/cam.go:206.2,206.21 1 1
plotter-pen/internal/handler/cam.go:206.21,208.3 1 1
plotter-pen/internal/handler/cam.go:209.2,209.19 1 1
plotter-pen/internal/handler/cam.go:209.19,211.3 1 0
plotter-pen/internal/handler/cam.go:214.2,215.15 2 1
plotter-pen/internal/handler/cam.go:215.15,217.17 2 1
plotter-pen/internal/handler/cam.go:217.17,219.4 1 1
plotter-pen/internal/handler/cam.go:220.8,222.17 2 1
plotter-pen/internal/handler/cam.go:222.17,224.4 1 1
plotter-pen/internal/handler/cam.go:228.2,232.33 4 1
plotter-pen/internal/handler/cam.go:232.33,235.16 3 1
plotter-pen/internal/handler/cam.go:235.16,237.4 1 1
plotter-pen/internal/handler/cam.go:237.9,239.4 1 1
plotter-pen/internal/handler/cam.go:240.3,243.4 1 1
plotter-pen/internal/handler/cam.go:245.2,245.13 1 1
plotter-pen/internal/handler/cam.go:254.44,256.47 2 1
plotter-pen/internal/handler/cam.go:256.47,259.3 2 1
plotter-pen/internal/handler/cam.go:262.2,268.4 2 1
plotter-pen/internal/handler/cam.go:283.71,296.29 10 1
plotter-pen/internal/handler/cam.go:296.29,298.81 2 1
plotter-pen/internal/handler/cam.go:298.81,299.12 1 1
plotter-pen/internal/handler/cam.go:302.3,303.21 2 1
plotter-pen/internal/handler/cam.go:303.21,304.12 1 0
plotter-pen/internal/handler/cam.go:307.3,308.63 2 1
plotter-pen/internal/handler/cam.go:308.63,309.12 1 1
plotter-pen/internal/handler/cam.go:313.3,314.55 2 1
plotter-pen/internal/handler/cam.go:314.55,316.4 1 1
plotter-pen/internal/handler/cam.go:317.3,317.55 1 1
plotter-pen/internal/handler/cam.go:317.55,319.4 1 1
plotter-pen/internal/handler/cam.go:320.3,320.55 1 1
plotter-pen/internal/handler/cam.go:320.55,322.4 1 1
plotter-pen/internal/handler/cam.go:325.3,326.18 2 1
plotter-pen/internal/handler/cam.go:326.18,328.4 1 1
plotter-pen/internal/handler/cam.go:330.3,341.38 5 1
plotter-pen/internal/handler/cam.go:345.2,345.24 1 1
plotter-pen/internal/handler/cam.go:345.24,349.3 1 1
plotter-pen/internal/handler/cam.go:351.2,355.3 1 1
plotter-pen/internal/handler/cam.go:366.50,368.47 2 1
plotter-pen/internal/handler/cam.go:368.47,371.3 2 1
plotter-pen/internal/handler/cam.go:374.2,379.4 2 1
plotter-pen/internal/handler/cam.go:383.91,385.21 1 1
plotter-pen/internal/handler/cam.go:386.17,388.15 1 1
plotter-pen/internal/handler/cam.go:389.15,391.15 1 1
plotter-pen/internal/handler/cam.go:392.16,394.15 1 1
plotter-pen/internal/handler/cam.go:395.10,396.15 1 1
plotter-pen/internal/handler/dxf.go:15.34,17.2 1 1
plotter-pen/internal/handler/dxf.go:20.57,26.2 5 1
plotter-pen/internal/handler/dxf.go:34.47,36.47 2 1
plotter-pen/internal/handler/dxf.go:36.47,39.3 2 1
plotter-pen/internal/handler/dxf.go:42.2,42.49 1 1
plotter-pen/internal/handler/dxf.go:42.49,45.3 2 1
plotter-pen/internal/handler/dxf.go:47.2,48.16 2 1
plotter-pen/internal/handler/dxf.go:48.16,54.3 2 0
plotter-pen/internal/handler/dxf.go:56.2,61.4 1 1
plotter-pen/internal/handler/dxf.go:77.50,79.47 2 1
plotter-pen/internal/handler/dxf.go:79.47,82.3 2 1
plotter-pen/internal/handler/dxf.go:85.2,85.49 1 1
plotter-pen/internal/handler/dxf.go:85.49,88.3 2 1
plotter-pen/internal/handler/dxf.go:90.2,98.16 3 1
plotter-pen/internal/handler/dxf.go:98.16,104.3 2 0
plotter-pen/internal/handler/dxf.go:106.2,113.4 1 1
plotter-pen/internal/handler/dxf.go:126.48,128.47 2 1
plotter-pen/internal/handler/dxf.go:128.47,131.3 2 1
plotter-pen/internal/handler/dxf.go:133.2,133.30 1 1
plotter-pen/internal/handler/dxf.go:133.30,136.3 2 1
plotter-pen/internal/handler/dxf.go:138.2,139.16 2 1
plotter-pen/internal/handler/dxf.go:139.16,145.3 2 0
plotter-pen/internal/handler/dxf.go:147.2,153.4 1 1
plotter-pen/internal/handler/dxf.go:163.47,165.47 2 1
plotter-pen/internal/handler/dxf.go:165.47,168.3 2 1
plotter-pen/internal/handler/dxf.go:170.2,170.52 1 1
plotter-pen/internal/handler/dxf.go:170.52,173.3 2 1
plotter-pen/internal/handler/dxf.go:175.2,176.16 2 1
plotter-pen/internal/handler/dxf.go:176.16,178.3 1 1
plotter-pen/internal/handler/dxf.go:180.2,181.16 2 1
plotter-pen/internal/handler/dxf.go:181.16,187.3 2 0
plotter-pen/internal/handler/dxf.go:189.2,197.4 1 1
plotter-pen/internal/handler/dxf.go:207.47,209.47 2 1
plotter-pen/internal/handler/dxf.go:209.47,212.3 2 1
plotter-pen/internal/handler/dxf.go:214.2,214.52 1 1
plotter-pen/internal/handler/dxf.go:214.52,217.3 2 1
plotter-pen/internal/handler/dxf.go:219.2,220.16 2 1
plotter-pen/internal/handler/dxf.go:220.16,226.3 2 0
plotter-pen/internal/handler/dxf.go:228.2,238.24 2 1
plotter-pen/internal/handler/dxf.go:238.24,242.3 3 1
plotter-pen/internal/handler/dxf.go:244.2,244.33 1 1
plotter-pen/internal/handler/machine.go:18.53,20.2 1 1
plotter-pen/internal/handler/machine.go:23.61,31.2 7 1
plotter-pen/internal/handler/machine.go:34.55,36.71 2 1
plotter-pen/internal/handler/machine.go:36.71,39.3 2 0
plotter-pen/internal/handler/machine.go:40.2,40.33 1 1
plotter-pen/internal/handler/machine.go:44.59,46.80 2 1
plotter-pen/internal/handler/machine.go:46.80,49.3 2 0
plotter-pen/internal/handler/machine.go:50.2,50.32 1 1
plotter-pen/internal/handler/machine.go:54.59,58.47 2 1
plotter-pen/internal/handler/machine.go:58.47,61.3 2 1
plotter-pen/internal/handler/machine.go:64.2,65.59 2 1
plotter-pen/internal/handler/machine.go:65.59,68.3 2 1
plotter-pen/internal/handler/machine.go:71.2,76.32 3 1
plotter-pen/internal/handler/machine.go:80.53,82.16 2 1
plotter-pen/internal/handler/machine.go:82.16,85.3 2 1
plotter-pen/internal/handler/machine.go:87.2,88.55 2 1
plotter-pen/internal/handler/machine.go:88.55,91.3 2 1
plotter-pen/internal/handler/machine.go:92.2,92.32 1 1
plotter-pen/internal/handler/machine.go:96.56,102.47 2 1
plotter-pen/internal/handler/machine.go:102.47,105.3 2 1
plotter-pen/internal/handler/machine.go:108.2,109.27 2 1
plotter-pen/internal/handler/machine.go:109.27,112.3 2 1
plotter-pen/internal/handler/machine.go:114.2,120.52 2 1
plotter-pen/internal/handler/machine.go:120.52,123.3 2 0
plotter-pen/internal/handler/machine.go:124.2,124.37 1 1
plotter-pen/internal/handler/machine.go:128.56,130.16 2 1
plotter-pen/internal/handler/machine.go:130.16,133.3 2 1
plotter-pen/internal/handler/machine.go:135.2,140.47 2 1
plotter-pen/internal/handler/machine.go:140.47,143.3 2 1
plotter-pen/internal/handler/machine.go:145.2,146.20 2 1
plotter-pen/internal/handler/machine.go:146.20,148.3 1 1
plotter-pen/internal/handler/machine.go:149.2,149.20 1 1
plotter-pen/internal/handler/machine.go:149.20,151.28 2 1
plotter-pen/internal/handler/machine.go:151.28,154.4 2 1
plotter-pen/internal/handler/machine.go:155.3,155.29 1 1
plotter-pen/internal/handler/machine.go:157.2,157.20 1 1
plotter-pen/internal/handler/machine.go:157.20,159.3 1 1
plotter-pen/internal/handler/machine.go:161.2,161.108 1 1
plotter-pen/internal/handler/machine.go:161.108,164.3 2 0
plotter-pen/internal/handler/machine.go:165.2,165.47 1 1
plotter-pen/internal/handler/machine.go:169.56,171.16 2 1
plotter-pen/internal/handler/machine.go:171.16,174.3 2 1
plotter-pen/internal/handler/machine.go:176.2,176.76 1 1
plotter-pen/internal/handler/machine.go:176.76,179.3 2 0
plotter-pen/internal/handler/machine.go:180.2,180.47 1 1
plotter-pen/internal/handler/opcua.go:20.38,28.2 3 0
plotter-pen/internal/handler/opcua.go:31.59,33.2 2 0
plotter-pen/internal/handler/opcua.go:33.2,42.3 8 0
plotter-pen/internal/handler/opcua.go:46.50,48.2 1 0
plotter-pen/internal/handler/opcua.go:51.53,53.47 2 0
plotter-pen/internal/handler/opcua.go:53.47,56.3 2 0
plotter-pen/internal/handler/opcua.go:58.2,60.49 2 0
plotter-pen/internal/handler/opcua.go:60.49,63.3 2 0
plotter-pen/internal/handler/opcua.go:65.2,65.42 1 0
plotter-pen/internal/handler/opcua.go:76.45,78.47 2 0
plotter-pen/internal/handler/opcua.go:78.47,81.3 2 0
plotter-pen/internal/handler/opcua.go:84.2,85.24 2 0
plotter-pen/internal/handler/opcua.go:85.24,87.3 1 0
plotter-pen/internal/handler/opcua.go:90.2,93.29 3 0
plotter-pen/internal/handler/opcua.go:93.29,94.47 1 0
plotter-pen/internal/handler/opcua.go:94.47,100.4 2 0
plotter-pen/internal/handler/opcua.go:104.2,104.69 1 0
plotter-pen/internal/handler/opcua.go:104.69,110.3 2 0
plotter-pen/internal/handler/opcua.go:112.2,117.4 1 0
plotter-pen/internal/handler/opcua.go:121.48,125.46 3 0
plotter-pen/internal/handler/opcua.go:125.46,131.3 2 0
plotter-pen/internal/handler/opcua.go:133.2,136.4 1 0
plotter-pen/internal/handler/opcua.go:140.51,146.49 4 0
plotter-pen/internal/handler/opcua.go:146.49,152.3 2 0
plotter-pen/internal/handler/opcua.go:154.2,154.50 1 0
plotter-pen/internal/handler/opcua.go:158.47,164.2 2 0
plotter-pen/internal/handler/opcua.go:167.52,168.29 1 0
plotter-pen/internal/handler/opcua.go:168.29,173.3 2 0
plotter-pen/internal/handler/opcua.go:175.2,179.16 4 0
plotter-pen/internal/handler/opcua.go:179.16,185.3 2 0
plotter-pen/internal/handler/opcua.go:187.2,187.28 1 0
plotter-pen/internal/handler/opcua.go:191.57,197.2 4 0
plotter-pen/internal/handler/persistence.go:18.61,20.2 1 1
plotter-pen/internal/handler/persistence.go:23.65,44.2 13 1
plotter-pen/internal/handler/persistence.go:48.55,50.49 2 1
plotter-pen/internal/handler/persistence.go:50.49,53.3 2 0
plotter-pen/internal/handler/persistence.go:54.2,54.50 1 1
plotter-pen/internal/handler/persistence.go:57.56,61.47 2 1
plotter-pen/internal/handler/persistence.go:61.47,64.3 2 1
plotter-pen/internal/handler/persistence.go:66.2,66.107 1 1
plotter-pen/internal/handler/persistence.go:66.107,69.3 2 0
plotter-pen/internal/handler/persistence.go:70.2,70.47 1 1
plotter-pen/internal/handler/persistence.go:75.59,77.76 2 1
plotter-pen/internal/handler/persistence.go:77.76,80.3 2 0
plotter-pen/internal/handler/persistence.go:81.2,81.33 1 1
plotter-pen/internal/handler/persistence.go:84.57,86.16 2 1
plotter-pen/internal/handler/persistence.go:86.16,89.3 2 1
plotter-pen/internal/handler/persistence.go:91.2,92.55 2 1
plotter-pen/internal/handler/persistence.go:92.55,95.3 2 1
plotter-pen/internal/handler/persistence.go:96.2,96.32 1 1
plotter-pen/internal/handler/persistence.go:99.60,105.47 2 1
plotter-pen/internal/handler/persistence.go:105.47,108.3 2 1
plotter-pen/internal/handler/persistence.go:110.2,116.52 2 1
plotter-pen/internal/handler/persistence.go:116.52,119.3 2 0
plotter-pen/internal/handler/persistence.go:120.2,120.37 1 1
plotter-pen/internal/handler/persistence.go:123.60,125.16 2 1
plotter-pen/internal/handler/persistence.go:125.16,128.3 2 1
plotter-pen/internal/handler/persistence.go:130.2,135.47 2 1
plotter-pen/internal/handler/persistence.go:135.47,138.3 2 1
plotter-pen/internal/handler/persistence.go:140.2,141.20 2 1
plotter-pen/internal/handler/persistence.go:141.20,143.3 1 1
plotter-pen/internal/handler/persistence.go:144.2,144.20 1 1
plotter-pen/internal/handler/persistence.go:144.20,146.3 1 1
plotter-pen/internal/handler/persistence.go:147.2,147.26 1 1
plotter-pen/internal/handler/persistence.go:147.26,149.3 1 1
plotter-pen/internal/handler/persistence.go:151.2,151.102 1 1
plotter-pen/internal/handler/persistence.go:151.102,154.3 2 0
plotter-pen/internal/handler/persistence.go:155.2,155.47 1 1
plotter-pen/internal/handler/persistence.go:158.60,160.16 2 1
plotter-pen/internal/handler/persistence.go:160.16,163.3 2 1
plotter-pen/internal/handler/persistence.go:165.2,165.70 1 1
plotter-pen/internal/handler/persistence.go:165.70,168.3 2 0
plotter-pen/internal/handler/persistence.go:169.2,169.47 1 1
plotter-pen/internal/handler/persistence.go:174.56,176.48 2 1
plotter-pen/internal/handler/persistence.go:176.48,179.3 2 0
plotter-pen/internal/handler/persistence.go:180.2,180.30 1 1
plotter-pen/internal/handler/persistence.go:183.57,190.47 2 1
plotter-pen/internal/handler/persistence.go:190.47,193.3 2 1
plotter-pen/internal/handler/persistence.go:195.2,201.21 2 1
plotter-pen/internal/handler/persistence.go:201.21,203.3 1 1
plotter-pen/internal/handler/persistence.go:205.2,205.49 1 1
plotter-pen/internal/handler/persistence.go:205.49,208.3 2 0
plotter-pen/internal/handler/persistence.go:209.2,209.34 1 1
plotter-pen/internal/handler/persistence.go:212.57,214.16 2 1
plotter-pen/internal/handler/persistence.go:214.16,217.3 2 1
plotter-pen/internal/handler/persistence.go:219.2,225.47 2 1
plotter-pen/internal/handler/persistence.go:225.47,228.3 2 1
plotter-pen/internal/handler/persistence.go:230.2,231.20 2 1
plotter-pen/internal/handler/persistence.go:231.20,233.3 1 1
plotter-pen/internal/handler/persistence.go:234.2,234.20 1 1
plotter-pen/internal/handler/persistence.go:234.20,236.3 1 1
plotter-pen/internal/handler/persistence.go:237.2,237.22 1 1
plotter-pen/internal/handler/persistence.go:237.22,239.3 1 1
plotter-pen/internal/handler/persistence.go:240.2,240.27 1 1
plotter-pen/internal/handler/persistence.go:240.27,242.3 1 1
plotter-pen/internal/handler/persistence.go:244.2,244.99 1 1
plotter-pen/internal/handler/persistence.go:244.99,247.3 2 0
plotter-pen/internal/handler/persistence.go:248.2,248.47 1 1
plotter-pen/internal/handler/persistence.go:251.57,253.16 2 1
plotter-pen/internal/handler/persistence.go:253.16,256.3 2 1
plotter-pen/internal/handler/persistence.go:258.2,258.67 1 1
plotter-pen/internal/handler/persistence.go:258.67,261.3 2 0
plotter-pen/internal/handler/persistence.go:262.2,262.47 1 1
plotter-pen/internal/handler/persistence.go:267.61,269.52 2 1
plotter-pen/internal/handler/persistence.go:269.52,272.3 2 0
plotter-pen/internal/handler/persistence.go:273.2,273.53 1 1
plotter-pen/internal/handler/persistence.go:276.62,280.47 2 1
plotter-pen/internal/handler/persistence.go:280.47,283.3 2 1
plotter-pen/internal/handler/persistence.go:285.2,285.110 1 1
plotter-pen/internal/handler/persistence.go:285.110,288.3 2 0
plotter-pen/internal/handler/persistence.go:289.2,289.47 1 1
